 addon

 Timestamp is 580f9a12 (Tue Oct 25 13:44:50 2016)

 Preferred load address is 0000000180000000

 Start         Length     Name                   Class
 0001:00000000 00000013H .text$di                CODE
 0001:00000020 0000ab98H .text$mn                CODE
 0001:0000abc0 0000023bH .text$x                 CODE
 0002:00000000 00000268H .idata$5                DATA
 0002:00000268 00000008H .CRT$XCA                DATA
 0002:00000270 00000018H .CRT$XCU                DATA
 0002:00000288 00000008H .CRT$XCZ                DATA
 0002:00000290 00000008H .CRT$XIA                DATA
 0002:00000298 00000020H .CRT$XIC                DATA
 0002:000002b8 00000008H .CRT$XIZ                DATA
 0002:000002c0 00000008H .CRT$XPA                DATA
 0002:000002c8 00000010H .CRT$XPX                DATA
 0002:000002d8 00000008H .CRT$XPXA               DATA
 0002:000002e0 00000008H .CRT$XPZ                DATA
 0002:000002e8 00000008H .CRT$XTA                DATA
 0002:000002f0 00000008H .CRT$XTZ                DATA
 0002:00000300 000051e0H .rdata                  DATA
 0002:000054e0 00000090H .rdata$debug            DATA
 0002:00005570 00000008H .rtc$IAA                DATA
 0002:00005578 00000008H .rtc$IZZ                DATA
 0002:00005580 00000008H .rtc$TAA                DATA
 0002:00005588 00000008H .rtc$TZZ                DATA
 0002:00005590 00000850H .xdata                  DATA
 0002:00005de0 0000004eH .edata                  DATA
 0002:00005e30 0000003cH .idata$2                DATA
 0002:00005e6c 00000014H .idata$3                DATA
 0002:00005e80 00000268H .idata$4                DATA
 0002:000060e8 0000079aH .idata$6                DATA
 0003:00000000 000017f0H .data                   DATA
 0003:00001800 000023d8H .bss                    DATA
 0004:00000000 000008dcH .pdata                  DATA
 0005:00000000 00000058H .rsrc$01                DATA
 0005:00000060 00000180H .rsrc$02                DATA

  Address         Publics by Value              Rva+Base               Lib:Object

 0000:00000000       __guard_fids_count         0000000000000000     <absolute>
 0000:00000000       ___safe_se_handler_count   0000000000000000     <absolute>
 0000:00000000       __guard_flags              0000000000000000     <absolute>
 0000:00000000       __guard_fids_table         0000000000000000     <absolute>
 0000:00000000       ___safe_se_handler_table   0000000000000000     <absolute>
 0000:00000000       __ImageBase                0000000180000000     <linker-defined>
 0001:00000020       ?NODE_SET_METHOD@node@@YAXV?$Local@VObject@v8@@@v8@@PEBDP6AXAEBV?$FunctionCallbackInfo@VValue@v8@@@3@@Z@Z 0000000180001020 f i hello.obj
 0001:000000f0       ?CreateObject@demo@@YAXAEBV?$FunctionCallbackInfo@VValue@v8@@@v8@@@Z 00000001800010f0 f   hello.obj
 0001:000001a0       ?init@demo@@YAXV?$Local@VObject@v8@@@v8@@0@Z 00000001800011a0 f   hello.obj
 0001:000001e0       __security_check_cookie    00000001800011e0 f   LIBCMT:amdsecgs.obj
 0001:00000200       ??0_LocaleUpdate@@QEAA@PEAUlocaleinfo_struct@@@Z 0000000180001200 f i LIBCMT:stricmp.obj
 0001:000002a8       _CRT_INIT                  00000001800012a8 f   LIBCMT:dllcrt0.obj
 0001:00000408       _DllMainCRTStartup         0000000180001408 f   LIBCMT:dllcrt0.obj
 0001:00000568       __raise_securityfailure    0000000180001568 f   LIBCMT:gs_report.obj
 0001:000005b4       __report_gsfailure         00000001800015b4 f   LIBCMT:gs_report.obj
 0001:00000688       _fpmath                    0000000180001688 f   LIBCMT:fpinit.obj
 0001:00000690       _cfltcvt_init              0000000180001690 f   LIBCMT:fpinit.obj
 0001:00000718       _call_reportfault          0000000180001718 f   LIBCMT:invarg.obj
 0001:0000080c       _initp_misc_invarg         000000018000180c f   LIBCMT:invarg.obj
 0001:00000814       _invalid_parameter         0000000180001814 f   LIBCMT:invarg.obj
 0001:0000087c       _invalid_parameter_noinfo  000000018000187c f   LIBCMT:invarg.obj
 0001:0000089c       _invoke_watson             000000018000189c f   LIBCMT:invarg.obj
 0001:000008d8       __addlocaleref             00000001800018d8 f   LIBCMT:localref.obj
 0001:00000964       __freetlocinfo             0000000180001964 f   LIBCMT:localref.obj
 0001:00000afc       __removelocaleref          0000000180001afc f   LIBCMT:localref.obj
 0001:00000ba0       __updatetlocinfo           0000000180001ba0 f   LIBCMT:localref.obj
 0001:00000c18       _updatetlocinfoEx_nolock   0000000180001c18 f   LIBCMT:localref.obj
 0001:00000c7c       __initmbctable             0000000180001c7c f   LIBCMT:mbctype.obj
 0001:00000f98       __updatetmbcinfo           0000000180001f98 f   LIBCMT:mbctype.obj
 0001:00001054       _setmbcp                   0000000180002054 f   LIBCMT:mbctype.obj
 0001:00001298       _setmbcp_nolock            0000000180002298 f   LIBCMT:mbctype.obj
 0001:00001548       _tolower_l                 0000000180002548 f   LIBCMT:tolower.obj
 0001:0000169c       tolower                    000000018000269c f   LIBCMT:tolower.obj
 0001:000016bc       _freefls                   00000001800026bc f   LIBCMT:tidtable.obj
 0001:000017f0       _freeptd                   00000001800027f0 f   LIBCMT:tidtable.obj
 0001:0000182c       _getptd                    000000018000282c f   LIBCMT:tidtable.obj
 0001:00001850       _getptd_noexit             0000000180002850 f   LIBCMT:tidtable.obj
 0001:000018d4       _initptd                   00000001800028d4 f   LIBCMT:tidtable.obj
 0001:00001998       _mtinit                    0000000180002998 f   LIBCMT:tidtable.obj
 0001:00001a18       _mtterm                    0000000180002a18 f   LIBCMT:tidtable.obj
 0001:00001a3c       __doserrno                 0000000180002a3c f   LIBCMT:dosmap.obj
 0001:00001a5c       _dosmaperr                 0000000180002a5c f   LIBCMT:dosmap.obj
 0001:00001aac       _errno                     0000000180002aac f   LIBCMT:dosmap.obj
 0001:00001acc       _get_errno_from_oserr      0000000180002acc f   LIBCMT:dosmap.obj
 0001:00001b1c       _locterm                   0000000180002b1c f   LIBCMT:wsetloca.obj
 0001:00001b64       _XcptFilter                0000000180002b64 f   LIBCMT:winxfltr.obj
 0001:00001d30       __CppXcptFilter            0000000180002d30 f   LIBCMT:winxfltr.obj
 0001:00001d44       __crtCorExitProcess        0000000180002d44 f   LIBCMT:crt0dat.obj
 0001:00001d88       __crtExitProcess           0000000180002d88 f   LIBCMT:crt0dat.obj
 0001:00001da0       __freeCrtMemory            0000000180002da0 f   LIBCMT:crt0dat.obj
 0001:00001ee8       _amsg_exit                 0000000180002ee8 f   LIBCMT:crt0dat.obj
 0001:00001f10       _cexit                     0000000180002f10 f   LIBCMT:crt0dat.obj
 0001:00001f20       _cinit                     0000000180002f20 f   LIBCMT:crt0dat.obj
 0001:00001fb8       _exit                      0000000180002fb8 f   LIBCMT:crt0dat.obj
 0001:00001fc4       _init_pointers             0000000180002fc4 f   LIBCMT:crt0dat.obj
 0001:00002070       _initterm_e                0000000180003070 f   LIBCMT:crt0dat.obj
 0001:000020ac       _lockexit                  00000001800030ac f   LIBCMT:crt0dat.obj
 0001:000020b8       _unlockexit                00000001800030b8 f   LIBCMT:crt0dat.obj
 0001:0000225c       _heap_init                 000000018000325c f   LIBCMT:heapinit.obj
 0001:0000227c       _heap_term                 000000018000327c f   LIBCMT:heapinit.obj
 0001:00002288       _ioinit                    0000000180003288 f   LIBCMT:ioinit.obj
 0001:000025b8       _ioterm                    00000001800035b8 f   LIBCMT:ioinit.obj
 0001:0000262c       _setargv                   000000018000362c f   LIBCMT:stdargv.obj
 0001:000028e8       _setenvp                   00000001800038e8 f   LIBCMT:stdenvp.obj
 0001:00002a1c       free                       0000000180003a1c f   LIBCMT:free.obj
 0001:00002a5c       __security_init_cookie     0000000180003a5c f   LIBCMT:gs_support.obj
 0001:00002b08       DllMain                    0000000180003b08 f   LIBCMT:dllmain.obj
 0001:00002b10       __crtGetEnvironmentStringsA 0000000180003b10 f   LIBCMT:a_env.obj
 0001:00002c04       __crtCaptureCurrentContext 0000000180003c04 f   LIBCMT:winapisupp.obj
 0001:00002c74       __crtCapturePreviousContext 0000000180003c74 f   LIBCMT:winapisupp.obj
 0001:00002ce8       __crtFlsAlloc              0000000180003ce8 f   LIBCMT:winapisupp.obj
 0001:00002d04       __crtFlsFree               0000000180003d04 f   LIBCMT:winapisupp.obj
 0001:00002d20       __crtFlsGetValue           0000000180003d20 f   LIBCMT:winapisupp.obj
 0001:00002d3c       __crtFlsSetValue           0000000180003d3c f   LIBCMT:winapisupp.obj
 0001:00002d58       __crtInitializeCriticalSectionEx 0000000180003d58 f   LIBCMT:winapisupp.obj
 0001:00002d84       __crtIsPackagedApp         0000000180003d84 f   LIBCMT:winapisupp.obj
 0001:00002dd0       __crtLoadWinApiPointers    0000000180003dd0 f   LIBCMT:winapisupp.obj
 0001:000031cc       __crtSleep                 00000001800041cc f   LIBCMT:winapisupp.obj
 0001:000031d4       __crtTerminateProcess      00000001800041d4 f   LIBCMT:winapisupp.obj
 0001:000031f4       __crtUnhandledException    00000001800041f4 f   LIBCMT:winapisupp.obj
 0001:00003214       _calloc_crt                0000000180004214 f   LIBCMT:crtheap.obj
 0001:00003294       _malloc_crt                0000000180004294 f   LIBCMT:crtheap.obj
 0001:00003310       _realloc_crt               0000000180004310 f   LIBCMT:crtheap.obj
 0001:00003394       _RTC_Initialize            0000000180004394 f   LIBCMT:initsect.obj
 0001:000033cc       _RTC_Terminate             00000001800043cc f   LIBCMT:initsect.obj
 0001:00003404       __C_specific_handler       0000000180004404 f   LIBCMT:chandler.obj
 0001:000035e8       __crt_debugger_hook        00000001800045e8 f   LIBCMT:dbghook.obj
 0001:00003600       _get_fpsr                  0000000180004600 f   LIBCMT:fpsr.obj
 0001:00003610       _set_fpsr                  0000000180004610 f   LIBCMT:fpsr.obj
 0001:0000361a       _fclrf                     000000018000461a f   LIBCMT:fpsr.obj
 0001:0000362e       _frnd                      000000018000462e f   LIBCMT:fpsr.obj
 0001:00003650       __GSHandlerCheck           0000000180004650 f   LIBCMT:gshandler.obj
 0001:00003670       __GSHandlerCheckCommon     0000000180004670 f   LIBCMT:gshandler.obj
 0001:000036d4       _cfltcvt                   00000001800046d4 f   LIBCMT:cvt.obj
 0001:000036f8       _cfltcvt_l                 00000001800046f8 f   LIBCMT:cvt.obj
 0001:00003778       _cftoa_l                   0000000180004778 f   LIBCMT:cvt.obj
 0001:00003d24       _cftoe_l                   0000000180004d24 f   LIBCMT:cvt.obj
 0001:00003f80       _cftof_l                   0000000180004f80 f   LIBCMT:cvt.obj
 0001:00004054       _cftog_l                   0000000180005054 f   LIBCMT:cvt.obj
 0001:00004188       _cropzeros                 0000000180005188 f   LIBCMT:cvt.obj
 0001:00004190       _cropzeros_l               0000000180005190 f   LIBCMT:cvt.obj
 0001:00004228       _fassign                   0000000180005228 f   LIBCMT:cvt.obj
 0001:00004230       _fassign_l                 0000000180005230 f   LIBCMT:cvt.obj
 0001:00004270       _forcdecpt                 0000000180005270 f   LIBCMT:cvt.obj
 0001:00004278       _forcdecpt_l               0000000180005278 f   LIBCMT:cvt.obj
 0001:000042f8       _positive                  00000001800052f8 f   LIBCMT:cvt.obj
 0001:0000430c       _initp_misc_cfltcvt_tab    000000018000530c f   LIBCMT:cmiscdat.obj
 0001:00004360       memset                     0000000180005360 f   LIBCMT:memset.obj
 0001:0000458c       _lock                      000000018000558c f   LIBCMT:mlock.obj
 0001:000045d0       _mtdeletelocks             00000001800055d0 f   LIBCMT:mlock.obj
 0001:00004658       _mtinitlocknum             0000000180005658 f   LIBCMT:mlock.obj
 0001:00004718       _mtinitlocks               0000000180005718 f   LIBCMT:mlock.obj
 0001:0000477c       _unlock                    000000018000577c f   LIBCMT:mlock.obj
 0001:00004794       __free_lconv_mon           0000000180005794 f   LIBCMT:initmon.obj
 0001:000048a0       __free_lconv_num           00000001800058a0 f   LIBCMT:initnum.obj
 0001:0000490c       __free_lc_time             000000018000590c f   LIBCMT:inittime.obj
 0001:00004ff4       __crtLCMapStringA          0000000180005ff4 f   LIBCMT:a_map.obj
 0001:00005204       __crtGetStringTypeA        0000000180006204 f   LIBCMT:a_str.obj
 0001:00005280       _isctype_l                 0000000180006280 f   LIBCMT:isctype.obj
 0001:0000535c       _isleadbyte_l              000000018000635c f i LIBCMT:_wctype.obj
 0001:000053a0       isleadbyte                 00000001800063a0 f i LIBCMT:_wctype.obj
 0001:00005400       memcmp                     0000000180006400 f   LIBCMT:memcmp.obj
 0001:000054e0       memcpy                     00000001800064e0 f   LIBCMT:memcpy.obj
 0001:000054e0       memmove                    00000001800064e0 f   LIBCMT:memcpy.obj
 0001:00005a48       wcscat_s                   0000000180006a48 f   LIBCMT:wcscat_s.obj
 0001:00005ad0       wcscpy_s                   0000000180006ad0 f   LIBCMT:wcscpy_s.obj
 0001:00005b3c       wcslen                     0000000180006b3c f   LIBCMT:wcslen.obj
 0001:00005b58       wcsncpy_s                  0000000180006b58 f   LIBCMT:wcsncpy_s.obj
 0001:00005c24       GetTableIndexFromLocaleName 0000000180006c24 f   LIBCMT:winapinls.obj
 0001:00005cb0       __crtDownlevelLocaleNameToLCID 0000000180006cb0 f   LIBCMT:winapinls.obj
 0001:00005ce4       __crtLCMapStringEx         0000000180006ce4 f   LIBCMT:winapinls.obj
 0001:00005d74       __wcsnicmp_ascii           0000000180006d74 f   LIBCMT:winapinls.obj
 0001:00005dcc       _FF_MSGBANNER              0000000180006dcc f   LIBCMT:crt0msg.obj
 0001:00005e10       _GET_RTERRMSG              0000000180006e10 f   LIBCMT:crt0msg.obj
 0001:00005e40       _NMSG_WRITE                0000000180006e40 f   LIBCMT:crt0msg.obj
 0001:000060b0       _FindPESection             00000001800070b0 f   LIBCMT:pesect.obj
 0001:00006100       _IsNonwritableInCurrentImage 0000000180007100 f   LIBCMT:pesect.obj
 0001:00006150       _ValidateImageBase         0000000180007150 f   LIBCMT:pesect.obj
 0001:00006180       __onexitinit               0000000180007180 f   LIBCMT:onexit.obj
 0001:000061c4       _onexit                    00000001800071c4 f   LIBCMT:onexit.obj
 0001:000062d0       atexit                     00000001800072d0 f   LIBCMT:onexit.obj
 0001:000062e8       ?terminate@@YAXXZ          00000001800072e8 f   LIBCMT:hooks.obj
 0001:00006308       _initp_eh_hooks            0000000180007308 f   LIBCMT:hooks.obj
 0001:00006328       _callnewh                  0000000180007328 f   LIBCMT:handler.obj
 0001:0000635c       _initp_heap_handler        000000018000735c f   LIBCMT:handler.obj
 0001:00006364       _initp_misc_purevirt       0000000180007364 f   LIBCMT:inithelp.obj
 0001:0000636c       __get_sigabrt              000000018000736c f   LIBCMT:winsig.obj
 0001:0000637c       _initp_misc_winsig         000000018000737c f   LIBCMT:winsig.obj
 0001:0000639c       raise                      000000018000739c f   LIBCMT:winsig.obj
 0001:000065d0       _initp_misc_rand_s         00000001800075d0 f   LIBCMT:rand_s.obj
 0001:000065f0       _local_unwind              00000001800075f0 f   LIBCMT:jmpuwind.obj
 0001:00006620       _NLG_Notify                0000000180007620 f   LIBCMT:jmpuwind.obj
 0001:00006640       __NLG_Dispatch2            0000000180007640 f   LIBCMT:jmpuwind.obj
 0001:00006650       __NLG_Return2              0000000180007650 f   LIBCMT:jmpuwind.obj
 0001:00006654       __initstdio                0000000180007654 f   LIBCMT:_file.obj
 0001:000066ec       __endstdio                 00000001800076ec f   LIBCMT:_file.obj
 0001:0000671c       _lock_file                 000000018000771c f   LIBCMT:_file.obj
 0001:00006784       _lock_file2                0000000180007784 f   LIBCMT:_file.obj
 0001:000067b8       _unlock_file               00000001800077b8 f   LIBCMT:_file.obj
 0001:00006808       _unlock_file2              0000000180007808 f   LIBCMT:_file.obj
 0001:000068a4       _ismbblead                 00000001800078a4 f   LIBCMT:ismbbyte.obj
 0001:000068b8       strcpy_s                   00000001800078b8 f   LIBCMT:strcpy_s.obj
 0001:00006930       strlen                     0000000180007930 f   LIBCMT:strlen.obj
 0001:000069d8       malloc                     00000001800079d8 f   LIBCMT:malloc.obj
 0001:00006a90       realloc                    0000000180007a90 f   LIBCMT:realloc.obj
 0001:00006b64       _calloc_impl               0000000180007b64 f   LIBCMT:calloc_impl.obj
 0001:00006c00       isdigit                    0000000180007c00 f i LIBCMT:_ctype.obj
 0001:00006c7c       strrchr                    0000000180007c7c f   LIBCMT:strrchr.obj
 0001:00006dc0       _fptostr                   0000000180007dc0 f   LIBCMT:_fptostr.obj
 0001:00006e8c       __crt_atoflt_l             0000000180007e8c f   LIBCMT:atodbl.obj
 0001:00006f5c       _atodbl_l                  0000000180007f5c f   LIBCMT:atodbl.obj
 0001:00007024       _atoflt_l                  0000000180008024 f   LIBCMT:atodbl.obj
 0001:0000702c       __dtold                    000000018000802c f   LIBCMT:cfout.obj
 0001:000070fc       _fltout2                   00000001800080fc f   LIBCMT:cfout.obj
 0001:000071b4       _fptrap                    00000001800081b4 f   LIBCMT:crt0fp.obj
 0001:000071c0       __isa_available_init       00000001800081c0 f   LIBCMT:cpu_disp.obj
 0001:00007380       __chkstk                   0000000180008380 f   LIBCMT:chkstk.obj
 0001:00007380       _alloca_probe              0000000180008380 f   LIBCMT:chkstk.obj
 0001:000073d0       _set_error_mode            00000001800083d0 f   LIBCMT:errmode.obj
 0001:00007410       __crtMessageBoxW           0000000180008410 f   LIBCMT:crtmboxw.obj
 0001:00007684       _msize                     0000000180008684 f   LIBCMT:msize.obj
 0001:000076c0       abort                      00000001800086c0 f   LIBCMT:abort.obj
 0001:00007718       _fileno                    0000000180008718 f   LIBCMT:fileno.obj
 0001:00007740       _isatty                    0000000180008740 f   LIBCMT:isatty.obj
 0001:000077a0       _fflush_nolock             00000001800087a0 f   LIBCMT:fflush.obj
 0001:000077ec       _flush                     00000001800087ec f   LIBCMT:fflush.obj
 0001:00007868       _flushall                  0000000180008868 f   LIBCMT:fflush.obj
 0001:0000795c       _fcloseall                 000000018000895c f   LIBCMT:closeall.obj
 0001:00007a04       _ld12tod                   0000000180008a04 f   LIBCMT:intrncvt.obj
 0001:00007fbc       _ld12tof                   0000000180008fbc f   LIBCMT:intrncvt.obj
 0001:00008574       __strgtold12_l             0000000180009574 f   LIBCMT:strgtold.obj
 0001:00008dd8       $I10_OUTPUT                0000000180009dd8 f   LIBCMT:x10fout.obj
 0001:000098b0       _commit                    000000018000a8b0 f   LIBCMT:commit.obj
 0001:00009988       _write                     000000018000a988 f   LIBCMT:write.obj
 0001:00009a6c       _write_nolock              000000018000aa6c f   LIBCMT:write.obj
 0001:0000a260       _fclose_nolock             000000018000b260 f   LIBCMT:fclose.obj
 0001:0000a2dc       fclose                     000000018000b2dc f   LIBCMT:fclose.obj
 0001:0000a344       __mtold12                  000000018000b344 f   LIBCMT:mantold.obj
 0001:0000a568       __lock_fhandle             000000018000b568 f   LIBCMT:osfinfo.obj
 0001:0000a600       _free_osfhnd               000000018000b600 f   LIBCMT:osfinfo.obj
 0001:0000a6ac       _get_osfhandle             000000018000b6ac f   LIBCMT:osfinfo.obj
 0001:0000a720       _unlock_fhandle            000000018000b720 f   LIBCMT:osfinfo.obj
 0001:0000a74c       _lseeki64_nolock           000000018000b74c f   LIBCMT:lseeki64.obj
 0001:0000a7e0       _mbtowc_l                  000000018000b7e0 f   LIBCMT:mbtowc.obj
 0001:0000a934       mbtowc                     000000018000b934 f   LIBCMT:mbtowc.obj
 0001:0000a93c       _putwch_nolock             000000018000b93c f   LIBCMT:putwch.obj
 0001:0000a998       _close                     000000018000b998 f   LIBCMT:close.obj
 0001:0000aa5c       _close_nolock              000000018000ba5c f   LIBCMT:close.obj
 0001:0000ab18       _freebuf                   000000018000bb18 f   LIBCMT:_freebuf.obj
 0001:0000ab50       __termconout               000000018000bb50 f   LIBCMT:initcon.obj
 0001:0000ab70       __initconout               000000018000bb70 f   LIBCMT:initcon.obj
 0001:0000abac       IsProcessorFeaturePresent  000000018000bbac f   kernel32:KERNEL32.dll
 0001:0000abb2       RtlUnwindEx                000000018000bbb2 f   kernel32:KERNEL32.dll
 0002:00000000       __imp_GetProcAddress       000000018000c000     kernel32:KERNEL32.dll
 0002:00000008       __imp_CloseHandle          000000018000c008     kernel32:KERNEL32.dll
 0002:00000010       __imp_WriteConsoleW        000000018000c010     kernel32:KERNEL32.dll
 0002:00000018       __imp_SetFilePointerEx     000000018000c018     kernel32:KERNEL32.dll
 0002:00000020       __imp_SetStdHandle         000000018000c020     kernel32:KERNEL32.dll
 0002:00000028       __imp_GetConsoleMode       000000018000c028     kernel32:KERNEL32.dll
 0002:00000030       __imp_GetConsoleCP         000000018000c030     kernel32:KERNEL32.dll
 0002:00000038       __imp_FlushFileBuffers     000000018000c038     kernel32:KERNEL32.dll
 0002:00000040       __imp_HeapSize             000000018000c040     kernel32:KERNEL32.dll
 0002:00000048       __imp_OutputDebugStringW   000000018000c048     kernel32:KERNEL32.dll
 0002:00000050       __imp_HeapReAlloc          000000018000c050     kernel32:KERNEL32.dll
 0002:00000058       __imp_HeapAlloc            000000018000c058     kernel32:KERNEL32.dll
 0002:00000060       __imp_LoadLibraryExW       000000018000c060     kernel32:KERNEL32.dll
 0002:00000068       __imp_GetCommandLineA      000000018000c068     kernel32:KERNEL32.dll
 0002:00000070       __imp_GetCurrentThreadId   000000018000c070     kernel32:KERNEL32.dll
 0002:00000078       __imp_IsDebuggerPresent    000000018000c078     kernel32:KERNEL32.dll
 0002:00000080       __imp_IsProcessorFeaturePresent 000000018000c080     kernel32:KERNEL32.dll
 0002:00000088       __imp_EncodePointer        000000018000c088     kernel32:KERNEL32.dll
 0002:00000090       __imp_DecodePointer        000000018000c090     kernel32:KERNEL32.dll
 0002:00000098       __imp_IsValidCodePage      000000018000c098     kernel32:KERNEL32.dll
 0002:000000a0       __imp_GetACP               000000018000c0a0     kernel32:KERNEL32.dll
 0002:000000a8       __imp_GetOEMCP             000000018000c0a8     kernel32:KERNEL32.dll
 0002:000000b0       __imp_GetCPInfo            000000018000c0b0     kernel32:KERNEL32.dll
 0002:000000b8       __imp_GetLastError         000000018000c0b8     kernel32:KERNEL32.dll
 0002:000000c0       __imp_SetLastError         000000018000c0c0     kernel32:KERNEL32.dll
 0002:000000c8       __imp_MultiByteToWideChar  000000018000c0c8     kernel32:KERNEL32.dll
 0002:000000d0       __imp_ExitProcess          000000018000c0d0     kernel32:KERNEL32.dll
 0002:000000d8       __imp_GetModuleHandleExW   000000018000c0d8     kernel32:KERNEL32.dll
 0002:000000e0       __imp_WideCharToMultiByte  000000018000c0e0     kernel32:KERNEL32.dll
 0002:000000e8       __imp_GetProcessHeap       000000018000c0e8     kernel32:KERNEL32.dll
 0002:000000f0       __imp_GetStdHandle         000000018000c0f0     kernel32:KERNEL32.dll
 0002:000000f8       __imp_GetFileType          000000018000c0f8     kernel32:KERNEL32.dll
 0002:00000100       __imp_DeleteCriticalSection 000000018000c100     kernel32:KERNEL32.dll
 0002:00000108       __imp_GetStartupInfoW      000000018000c108     kernel32:KERNEL32.dll
 0002:00000110       __imp_GetModuleFileNameA   000000018000c110     kernel32:KERNEL32.dll
 0002:00000118       __imp_HeapFree             000000018000c118     kernel32:KERNEL32.dll
 0002:00000120       __imp_QueryPerformanceCounter 000000018000c120     kernel32:KERNEL32.dll
 0002:00000128       __imp_GetCurrentProcessId  000000018000c128     kernel32:KERNEL32.dll
 0002:00000130       __imp_GetSystemTimeAsFileTime 000000018000c130     kernel32:KERNEL32.dll
 0002:00000138       __imp_GetEnvironmentStringsW 000000018000c138     kernel32:KERNEL32.dll
 0002:00000140       __imp_FreeEnvironmentStringsW 000000018000c140     kernel32:KERNEL32.dll
 0002:00000148       __imp_RtlCaptureContext    000000018000c148     kernel32:KERNEL32.dll
 0002:00000150       __imp_RtlLookupFunctionEntry 000000018000c150     kernel32:KERNEL32.dll
 0002:00000158       __imp_RtlVirtualUnwind     000000018000c158     kernel32:KERNEL32.dll
 0002:00000160       __imp_UnhandledExceptionFilter 000000018000c160     kernel32:KERNEL32.dll
 0002:00000168       __imp_SetUnhandledExceptionFilter 000000018000c168     kernel32:KERNEL32.dll
 0002:00000170       __imp_InitializeCriticalSectionAndSpinCount 000000018000c170     kernel32:KERNEL32.dll
 0002:00000178       __imp_Sleep                000000018000c178     kernel32:KERNEL32.dll
 0002:00000180       __imp_GetCurrentProcess    000000018000c180     kernel32:KERNEL32.dll
 0002:00000188       __imp_TerminateProcess     000000018000c188     kernel32:KERNEL32.dll
 0002:00000190       __imp_TlsAlloc             000000018000c190     kernel32:KERNEL32.dll
 0002:00000198       __imp_TlsGetValue          000000018000c198     kernel32:KERNEL32.dll
 0002:000001a0       __imp_TlsSetValue          000000018000c1a0     kernel32:KERNEL32.dll
 0002:000001a8       __imp_TlsFree              000000018000c1a8     kernel32:KERNEL32.dll
 0002:000001b0       __imp_GetModuleHandleW     000000018000c1b0     kernel32:KERNEL32.dll
 0002:000001b8       __imp_RtlUnwindEx          000000018000c1b8     kernel32:KERNEL32.dll
 0002:000001c0       __imp_EnterCriticalSection 000000018000c1c0     kernel32:KERNEL32.dll
 0002:000001c8       __imp_LeaveCriticalSection 000000018000c1c8     kernel32:KERNEL32.dll
 0002:000001d0       __imp_GetStringTypeW       000000018000c1d0     kernel32:KERNEL32.dll
 0002:000001d8       __imp_LCMapStringW         000000018000c1d8     kernel32:KERNEL32.dll
 0002:000001e0       __imp_WriteFile            000000018000c1e0     kernel32:KERNEL32.dll
 0002:000001e8       __imp_GetModuleFileNameW   000000018000c1e8     kernel32:KERNEL32.dll
 0002:000001f0       __imp_CreateFileW          000000018000c1f0     kernel32:KERNEL32.dll
 0002:000001f8       \177KERNEL32_NULL_THUNK_DATA 000000018000c1f8     kernel32:KERNEL32.dll
 0002:00000200       __imp_node_module_register 000000018000c200     node:node.dll
 0002:00000208       \177node_NULL_THUNK_DATA   000000018000c208     node:node.dll
 0002:00000210       __imp_?ToString@Value@v8@@QEBA?AV?$Local@VString@v8@@@2@XZ 000000018000c210     nw:nw.dll
 0002:00000218       __imp_?GetCurrent@Isolate@v8@@SAPEAV12@XZ 000000018000c218     nw:nw.dll
 0002:00000220       __imp_?SetName@Function@v8@@QEAAXV?$Local@VString@v8@@@2@@Z 000000018000c220     nw:nw.dll
 0002:00000228       __imp_?Set@Object@v8@@QEAA_NV?$Local@VValue@v8@@@2@0@Z 000000018000c228     nw:nw.dll
 0002:00000230       __imp_??0HandleScope@v8@@QEAA@PEAVIsolate@1@@Z 000000018000c230     nw:nw.dll
 0002:00000238       __imp_??1HandleScope@v8@@QEAA@XZ 000000018000c238     nw:nw.dll
 0002:00000240       __imp_?NewFromUtf8@String@v8@@SA?AV?$Local@VString@v8@@@2@PEAVIsolate@2@PEBDW4NewStringType@12@H@Z 000000018000c240     nw:nw.dll
 0002:00000248       __imp_?New@FunctionTemplate@v8@@SA?AV?$Local@VFunctionTemplate@v8@@@2@PEAVIsolate@2@P6AXAEBV?$FunctionCallbackInfo@VValue@v8@@@2@@ZV?$Local@VValue@v8@@@2@V?$Local@VSignature@v8@@@2@HW4ConstructorBehavior@2@@Z 000000018000c248     nw:nw.dll
 0002:00000250       __imp_?GetFunction@FunctionTemplate@v8@@QEAA?AV?$Local@VFunction@v8@@@2@XZ 000000018000c250     nw:nw.dll
 0002:00000258       __imp_?New@Object@v8@@SA?AV?$Local@VObject@v8@@@2@PEAVIsolate@2@@Z 000000018000c258     nw:nw.dll
 0002:00000260       \177nw_NULL_THUNK_DATA     000000018000c260     nw:nw.dll
 0002:00000268       __xc_a                     000000018000c268     LIBCMT:crt0init.obj
 0002:00000280       _register_addon_           000000018000c280     hello.obj
 0002:00000288       __xc_z                     000000018000c288     LIBCMT:crt0init.obj
 0002:00000290       __xi_a                     000000018000c290     LIBCMT:crt0init.obj
 0002:000002b8       __xi_z                     000000018000c2b8     LIBCMT:crt0init.obj
 0002:000002c0       __xp_a                     000000018000c2c0     LIBCMT:crt0init.obj
 0002:000002e0       __xp_z                     000000018000c2e0     LIBCMT:crt0init.obj
 0002:000002e8       __xt_a                     000000018000c2e8     LIBCMT:crt0init.obj
 0002:000002f0       __xt_z                     000000018000c2f0     LIBCMT:crt0init.obj
 0002:00000338       ??_C@_06MEIMCGCF@_hypot?$AA@ 000000018000c338     LIBCMT:hypot.obj
 0002:00000340       _pDefaultRawDllMain        000000018000c340     LIBCMT:dllcrt0.obj
 0002:00000340       _pRawDllMain               000000018000c340     LIBCMT:dllcrt0.obj
 0002:00000358       _FPinit                    000000018000c358     LIBCMT:fpinit.obj
 0002:00000380       ??_C@_1M@HPNHIDJI@?$AAj?$AAa?$AA?9?$AAJ?$AAP?$AA?$AA@ 000000018000c380     LIBCMT:mbctype.obj
 0002:00000390       ??_C@_1M@BIBDDEMK@?$AAz?$AAh?$AA?9?$AAC?$AAN?$AA?$AA@ 000000018000c390     LIBCMT:mbctype.obj
 0002:000003a0       ??_C@_1M@JLOOOEGK@?$AAk?$AAo?$AA?9?$AAK?$AAR?$AA?$AA@ 000000018000c3a0     LIBCMT:mbctype.obj
 0002:000003b0       ??_C@_1M@CLNBBOPM@?$AAz?$AAh?$AA?9?$AAT?$AAW?$AA?$AA@ 000000018000c3b0     LIBCMT:mbctype.obj
 0002:000003bc       ??_C@_03KOEHGMDN@Sun?$AA@  000000018000c3bc     LIBCMT:nlsdata.obj
 0002:000003c0       ??_C@_03PDAGKDH@Mon?$AA@   000000018000c3c0     LIBCMT:nlsdata.obj
 0002:000003c4       ??_C@_03NAGEINEP@Tue?$AA@  000000018000c3c4     LIBCMT:nlsdata.obj
 0002:000003c8       ??_C@_03MHOMLAJA@Wed?$AA@  000000018000c3c8     LIBCMT:nlsdata.obj
 0002:000003cc       ??_C@_03IOFIKPDN@Thu?$AA@  000000018000c3cc     LIBCMT:nlsdata.obj
 0002:000003d0       ??_C@_03IDIOELNC@Fri?$AA@  000000018000c3d0     LIBCMT:nlsdata.obj
 0002:000003d4       ??_C@_03FEFJNEK@Sat?$AA@   000000018000c3d4     LIBCMT:nlsdata.obj
 0002:000003d8       ??_C@_06OOPIFAJ@Sunday?$AA@ 000000018000c3d8     LIBCMT:nlsdata.obj
 0002:000003e0       ??_C@_06JLEDEDGH@Monday?$AA@ 000000018000c3e0     LIBCMT:nlsdata.obj
 0002:000003e8       ??_C@_07BAAGCFCM@Tuesday?$AA@ 000000018000c3e8     LIBCMT:nlsdata.obj
 0002:000003f0       ??_C@_09DLIGFAKA@Wednesday?$AA@ 000000018000c3f0     LIBCMT:nlsdata.obj
 0002:00000400       ??_C@_08HACCIKIA@Thursday?$AA@ 000000018000c400     LIBCMT:nlsdata.obj
 0002:0000040c       ??_C@_06JECMNKMI@Friday?$AA@ 000000018000c40c     LIBCMT:nlsdata.obj
 0002:00000418       ??_C@_08INBOOONO@Saturday?$AA@ 000000018000c418     LIBCMT:nlsdata.obj
 0002:00000424       ??_C@_03JIHJHPIE@Jan?$AA@  000000018000c424     LIBCMT:nlsdata.obj
 0002:00000428       ??_C@_03HJBDCHOM@Feb?$AA@  000000018000c428     LIBCMT:nlsdata.obj
 0002:0000042c       ??_C@_03ODNJBKGA@Mar?$AA@  000000018000c42c     LIBCMT:nlsdata.obj
 0002:00000430       ??_C@_03LEOLGMJP@Apr?$AA@  000000018000c430     LIBCMT:nlsdata.obj
 0002:00000434       ??_C@_03CNMDKL@May?$AA@    000000018000c434     LIBCMT:nlsdata.obj
 0002:00000438       ??_C@_03IDFGHECI@Jun?$AA@  000000018000c438     LIBCMT:nlsdata.obj
 0002:0000043c       ??_C@_03LBGABGKK@Jul?$AA@  000000018000c43c     LIBCMT:nlsdata.obj
 0002:00000440       ??_C@_03IFJFEIGA@Aug?$AA@  000000018000c440     LIBCMT:nlsdata.obj
 0002:00000444       ??_C@_03GGCAPAJC@Sep?$AA@  000000018000c444     LIBCMT:nlsdata.obj
 0002:00000448       ??_C@_03BMAOKBAD@Oct?$AA@  000000018000c448     LIBCMT:nlsdata.obj
 0002:0000044c       ??_C@_03JPJOFNIA@Nov?$AA@  000000018000c44c     LIBCMT:nlsdata.obj
 0002:00000450       ??_C@_03MKABNOCG@Dec?$AA@  000000018000c450     LIBCMT:nlsdata.obj
 0002:00000458       ??_C@_07CGJPFGJA@January?$AA@ 000000018000c458     LIBCMT:nlsdata.obj
 0002:00000460       ??_C@_08GNJGEPFN@February?$AA@ 000000018000c460     LIBCMT:nlsdata.obj
 0002:0000046c       ??_C@_05HPCKOFNC@March?$AA@ 000000018000c46c     LIBCMT:nlsdata.obj
 0002:00000474       ??_C@_05DMJDNLEJ@April?$AA@ 000000018000c474     LIBCMT:nlsdata.obj
 0002:0000047c       ??_C@_04CNLMGBGM@June?$AA@ 000000018000c47c     LIBCMT:nlsdata.obj
 0002:00000484       ??_C@_04MIEPOIFP@July?$AA@ 000000018000c484     LIBCMT:nlsdata.obj
 0002:0000048c       ??_C@_06LBBHFDDG@August?$AA@ 000000018000c48c     LIBCMT:nlsdata.obj
 0002:00000498       ??_C@_09BHHEALKD@September?$AA@ 000000018000c498     LIBCMT:nlsdata.obj
 0002:000004a8       ??_C@_07JJNFCEND@October?$AA@ 000000018000c4a8     LIBCMT:nlsdata.obj
 0002:000004b0       ??_C@_08HCHEGEOA@November?$AA@ 000000018000c4b0     LIBCMT:nlsdata.obj
 0002:000004c0       ??_C@_08EDHMEBNP@December?$AA@ 000000018000c4c0     LIBCMT:nlsdata.obj
 0002:000004cc       ??_C@_02DEDBPAFC@AM?$AA@   000000018000c4cc     LIBCMT:nlsdata.obj
 0002:000004d0       ??_C@_02CJNFDJBF@PM?$AA@   000000018000c4d0     LIBCMT:nlsdata.obj
 0002:000004d8       ??_C@_08BPBNCDIB@MM?1dd?1yy?$AA@ 000000018000c4d8     LIBCMT:nlsdata.obj
 0002:000004e8       ??_C@_0BE@CKGJFCPC@dddd?0?5MMMM?5dd?0?5yyyy?$AA@ 000000018000c4e8     LIBCMT:nlsdata.obj
 0002:00000500       ??_C@_08JCCMCCIL@HH?3mm?3ss?$AA@ 000000018000c500     LIBCMT:nlsdata.obj
 0002:00000510       ??_C@_17MBGCMIPB@?$AAS?$AAu?$AAn?$AA?$AA@ 000000018000c510     LIBCMT:nlsdata.obj
 0002:00000518       ??_C@_17KBOMKBF@?$AAM?$AAo?$AAn?$AA?$AA@ 000000018000c518     LIBCMT:nlsdata.obj
 0002:00000520       ??_C@_17BMKGEGOJ@?$AAT?$AAu?$AAe?$AA?$AA@ 000000018000c520     LIBCMT:nlsdata.obj
 0002:00000528       ??_C@_17CJEDCEPE@?$AAW?$AAe?$AAd?$AA?$AA@ 000000018000c528     LIBCMT:nlsdata.obj
 0002:00000530       ??_C@_17PDPHAADD@?$AAT?$AAh?$AAu?$AA?$AA@ 000000018000c530     LIBCMT:nlsdata.obj
 0002:00000538       ??_C@_17HFOLPPLP@?$AAF?$AAr?$AAi?$AA?$AA@ 000000018000c538     LIBCMT:nlsdata.obj
 0002:00000540       ??_C@_17GGIBDPIH@?$AAS?$AAa?$AAt?$AA?$AA@ 000000018000c540     LIBCMT:nlsdata.obj
 0002:00000548       ??_C@_1O@IHNHDHPB@?$AAS?$AAu?$AAn?$AAd?$AAa?$AAy?$AA?$AA@ 000000018000c548     LIBCMT:nlsdata.obj
 0002:00000558       ??_C@_1O@MMNBFLIA@?$AAM?$AAo?$AAn?$AAd?$AAa?$AAy?$AA?$AA@ 000000018000c558     LIBCMT:nlsdata.obj
 0002:00000568       ??_C@_1BA@ENFBFFEK@?$AAT?$AAu?$AAe?$AAs?$AAd?$AAa?$AAy?$AA?$AA@ 000000018000c568     LIBCMT:nlsdata.obj
 0002:00000578       ??_C@_1BE@EBOGMDOH@?$AAW?$AAe?$AAd?$AAn?$AAe?$AAs?$AAd?$AAa?$AAy?$AA?$AA@ 000000018000c578     LIBCMT:nlsdata.obj
 0002:00000590       ??_C@_1BC@HHMNLIHE@?$AAT?$AAh?$AAu?$AAr?$AAs?$AAd?$AAa?$AAy?$AA?$AA@ 000000018000c590     LIBCMT:nlsdata.obj
 0002:000005a8       ??_C@_1O@PDICJHAG@?$AAF?$AAr?$AAi?$AAd?$AAa?$AAy?$AA?$AA@ 000000018000c5a8     LIBCMT:nlsdata.obj
 0002:000005b8       ??_C@_1BC@ENMNNPAJ@?$AAS?$AAa?$AAt?$AAu?$AAr?$AAd?$AAa?$AAy?$AA?$AA@ 000000018000c5b8     LIBCMT:nlsdata.obj
 0002:000005d0       ??_C@_17DKNBKCHM@?$AAJ?$AAa?$AAn?$AA?$AA@ 000000018000c5d0     LIBCMT:nlsdata.obj
 0002:000005d8       ??_C@_17LMDJEKJN@?$AAF?$AAe?$AAb?$AA?$AA@ 000000018000c5d8     LIBCMT:nlsdata.obj
 0002:000005e0       ??_C@_17CKNLEDEC@?$AAM?$AAa?$AAr?$AA?$AA@ 000000018000c5e0     LIBCMT:nlsdata.obj
 0002:000005e8       ??_C@_17LFPOIHDD@?$AAA?$AAp?$AAr?$AA?$AA@ 000000018000c5e8     LIBCMT:nlsdata.obj
 0002:000005f0       ??_C@_17PNNKMEED@?$AAM?$AAa?$AAy?$AA?$AA@ 000000018000c5f0     LIBCMT:nlsdata.obj
 0002:000005f8       ??_C@_17KCJGOCPB@?$AAJ?$AAu?$AAn?$AA?$AA@ 000000018000c5f8     LIBCMT:nlsdata.obj
 0002:00000600       ??_C@_17IJPCKHK@?$AAJ?$AAu?$AAl?$AA?$AA@ 000000018000c600     LIBCMT:nlsdata.obj
 0002:00000608       ??_C@_17ICPELBCN@?$AAA?$AAu?$AAg?$AA?$AA@ 000000018000c608     LIBCMT:nlsdata.obj
 0002:00000610       ??_C@_17HCHCOKMG@?$AAS?$AAe?$AAp?$AA?$AA@ 000000018000c610     LIBCMT:nlsdata.obj
 0002:00000618       ??_C@_17FNLKOI@?$AAO?$AAc?$AAt?$AA?$AA@ 000000018000c618     LIBCMT:nlsdata.obj
 0002:00000620       ??_C@_17BBDMLCIG@?$AAN?$AAo?$AAv?$AA?$AA@ 000000018000c620     LIBCMT:nlsdata.obj
 0002:00000628       ??_C@_17EGKACKIF@?$AAD?$AAe?$AAc?$AA?$AA@ 000000018000c628     LIBCMT:nlsdata.obj
 0002:00000630       ??_C@_1BA@EFMEIEBA@?$AAJ?$AAa?$AAn?$AAu?$AAa?$AAr?$AAy?$AA?$AA@ 000000018000c630     LIBCMT:nlsdata.obj
 0002:00000640       ??_C@_1BC@JGDDFFAM@?$AAF?$AAe?$AAb?$AAr?$AAu?$AAa?$AAr?$AAy?$AA?$AA@ 000000018000c640     LIBCMT:nlsdata.obj
 0002:00000658       ??_C@_1M@IKEENEDF@?$AAM?$AAa?$AAr?$AAc?$AAh?$AA?$AA@ 000000018000c658     LIBCMT:nlsdata.obj
 0002:00000668       ??_C@_1M@GJNLMHFD@?$AAA?$AAp?$AAr?$AAi?$AAl?$AA?$AA@ 000000018000c668     LIBCMT:nlsdata.obj
 0002:00000678       ??_C@_19EPFLPGAP@?$AAJ?$AAu?$AAn?$AAe?$AA?$AA@ 000000018000c678     LIBCMT:nlsdata.obj
 0002:00000688       ??_C@_19BIFMLPCD@?$AAJ?$AAu?$AAl?$AAy?$AA?$AA@ 000000018000c688     LIBCMT:nlsdata.obj
 0002:00000698       ??_C@_1O@PAHLKOAC@?$AAA?$AAu?$AAg?$AAu?$AAs?$AAt?$AA?$AA@ 000000018000c698     LIBCMT:nlsdata.obj
 0002:000006a8       ??_C@_1BE@DKAAMBJL@?$AAS?$AAe?$AAp?$AAt?$AAe?$AAm?$AAb?$AAe?$AAr?$AA?$AA@ 000000018000c6a8     LIBCMT:nlsdata.obj
 0002:000006c0       ??_C@_1BA@EPANDLNG@?$AAO?$AAc?$AAt?$AAo?$AAb?$AAe?$AAr?$AA?$AA@ 000000018000c6c0     LIBCMT:nlsdata.obj
 0002:000006d0       ??_C@_1BC@BGLIFPF@?$AAN?$AAo?$AAv?$AAe?$AAm?$AAb?$AAe?$AAr?$AA?$AA@ 000000018000c6d0     LIBCMT:nlsdata.obj
 0002:000006e8       ??_C@_1BC@FEMKIFH@?$AAD?$AAe?$AAc?$AAe?$AAm?$AAb?$AAe?$AAr?$AA?$AA@ 000000018000c6e8     LIBCMT:nlsdata.obj
 0002:000006fc       ??_C@_15ODEHAHHF@?$AAA?$AAM?$AA?$AA@ 000000018000c6fc     LIBCMT:nlsdata.obj
 0002:00000704       ??_C@_15CLMNNGEL@?$AAP?$AAM?$AA?$AA@ 000000018000c704     LIBCMT:nlsdata.obj
 0002:00000710       ??_C@_1BC@IEBCMHCM@?$AAM?$AAM?$AA?1?$AAd?$AAd?$AA?1?$AAy?$AAy?$AA?$AA@ 000000018000c710     LIBCMT:nlsdata.obj
 0002:00000728       ??_C@_1CI@KNAKOEBC@?$AAd?$AAd?$AAd?$AAd?$AA?0?$AA?5?$AAM?$AAM?$AAM?$AAM?$AA?5?$AAd?$AAd?$AA?0?$AA?5?$AAy?$AAy?$AAy?$AAy?$AA?$AA@ 000000018000c728     LIBCMT:nlsdata.obj
 0002:00000750       ??_C@_1BC@GDGBMEMK@?$AAH?$AAH?$AA?3?$AAm?$AAm?$AA?3?$AAs?$AAs?$AA?$AA@ 000000018000c750     LIBCMT:nlsdata.obj
 0002:00000768       ??_C@_1M@BMHNFIME@?$AAe?$AAn?$AA?9?$AAU?$AAS?$AA?$AA@ 000000018000c768     LIBCMT:nlsdata.obj
 0002:00000800       _XcptActTab                000000018000c800     LIBCMT:winxfltr.obj
 0002:000008c0       _XcptActTabCount           000000018000c8c0     LIBCMT:winxfltr.obj
 0002:000008c4       _XcptActTabSize            000000018000c8c4     LIBCMT:winxfltr.obj
 0002:000008c8       _First_FPE_Indx            000000018000c8c8     LIBCMT:winxfltr.obj
 0002:000008cc       _Num_FPE                   000000018000c8cc     LIBCMT:winxfltr.obj
 0002:000008d0       ??_C@_1BI@BGOHAHKC@?$AAm?$AAs?$AAc?$AAo?$AAr?$AAe?$AAe?$AA?4?$AAd?$AAl?$AAl?$AA?$AA@ 000000018000c8d0     LIBCMT:crt0dat.obj
 0002:000008e8       ??_C@_0P@MIGLKIOC@CorExitProcess?$AA@ 000000018000c8e8     LIBCMT:crt0dat.obj
 0002:000008f8       ??_C@_1BK@MGMFAEKH@?$AAk?$AAe?$AAr?$AAn?$AAe?$AAl?$AA3?$AA2?$AA?4?$AAd?$AAl?$AAl?$AA?$AA@ 000000018000c8f8     LIBCMT:winapisupp.obj
 0002:00000918       ??_C@_08KNHFBNJ@FlsAlloc?$AA@ 000000018000c918     LIBCMT:winapisupp.obj
 0002:00000928       ??_C@_07PEJMOBNF@FlsFree?$AA@ 000000018000c928     LIBCMT:winapisupp.obj
 0002:00000930       ??_C@_0M@GDNOONDI@FlsGetValue?$AA@ 000000018000c930     LIBCMT:winapisupp.obj
 0002:00000940       ??_C@_0M@JCPCPOEF@FlsSetValue?$AA@ 000000018000c940     LIBCMT:winapisupp.obj
 0002:00000950       ??_C@_0BM@HCFOFFN@InitializeCriticalSectionEx?$AA@ 000000018000c950     LIBCMT:winapisupp.obj
 0002:00000970       ??_C@_0P@DLHPPCNH@CreateEventExW?$AA@ 000000018000c970     LIBCMT:winapisupp.obj
 0002:00000980       ??_C@_0BD@KIEEOEEH@CreateSemaphoreExW?$AA@ 000000018000c980     LIBCMT:winapisupp.obj
 0002:00000998       ??_C@_0BI@BKLFFAPO@SetThreadStackGuarantee?$AA@ 000000018000c998     LIBCMT:winapisupp.obj
 0002:000009b0       ??_C@_0BG@OGFAJCKC@CreateThreadpoolTimer?$AA@ 000000018000c9b0     LIBCMT:winapisupp.obj
 0002:000009c8       ??_C@_0BD@LPLEMMDI@SetThreadpoolTimer?$AA@ 000000018000c9c8     LIBCMT:winapisupp.obj
 0002:000009e0       ??_C@_0CA@FMNJENH@WaitForThreadpoolTimerCallbacks?$AA@ 000000018000c9e0     LIBCMT:winapisupp.obj
 0002:00000a00       ??_C@_0BF@DCFCCNOC@CloseThreadpoolTimer?$AA@ 000000018000ca00     LIBCMT:winapisupp.obj
 0002:00000a18       ??_C@_0BF@FLABGKKM@CreateThreadpoolWait?$AA@ 000000018000ca18     LIBCMT:winapisupp.obj
 0002:00000a30       ??_C@_0BC@MGCOHNA@SetThreadpoolWait?$AA@ 000000018000ca30     LIBCMT:winapisupp.obj
 0002:00000a48       ??_C@_0BE@OCIOMIMP@CloseThreadpoolWait?$AA@ 000000018000ca48     LIBCMT:winapisupp.obj
 0002:00000a60       ??_C@_0BJ@LKGHFHBO@FlushProcessWriteBuffers?$AA@ 000000018000ca60     LIBCMT:winapisupp.obj
 0002:00000a80       ??_C@_0BP@KALKKPMO@FreeLibraryWhenCallbackReturns?$AA@ 000000018000ca80     LIBCMT:winapisupp.obj
 0002:00000aa0       ??_C@_0BK@DFNBACLA@GetCurrentProcessorNumber?$AA@ 000000018000caa0     LIBCMT:winapisupp.obj
 0002:00000ac0       ??_C@_0BP@KHGALBC@GetLogicalProcessorInformation?$AA@ 000000018000cac0     LIBCMT:winapisupp.obj
 0002:00000ae0       ??_C@_0BE@FKKLLFLM@CreateSymbolicLinkW?$AA@ 000000018000cae0     LIBCMT:winapisupp.obj
 0002:00000af8       ??_C@_0BJ@OHNKDLIJ@SetDefaultDllDirectories?$AA@ 000000018000caf8     LIBCMT:winapisupp.obj
 0002:00000b18       ??_C@_0BE@LJANKFHF@EnumSystemLocalesEx?$AA@ 000000018000cb18     LIBCMT:winapisupp.obj
 0002:00000b30       ??_C@_0BA@IHGNDAEB@CompareStringEx?$AA@ 000000018000cb30     LIBCMT:winapisupp.obj
 0002:00000b40       ??_C@_0BA@EPCJIIPD@GetDateFormatEx?$AA@ 000000018000cb40     LIBCMT:winapisupp.obj
 0002:00000b50       ??_C@_0BA@ONOKGCMP@GetLocaleInfoEx?$AA@ 000000018000cb50     LIBCMT:winapisupp.obj
 0002:00000b60       ??_C@_0BA@CIJJKCJJ@GetTimeFormatEx?$AA@ 000000018000cb60     LIBCMT:winapisupp.obj
 0002:00000b70       ??_C@_0BJ@PBCCBIPI@GetUserDefaultLocaleName?$AA@ 000000018000cb70     LIBCMT:winapisupp.obj
 0002:00000b90       ??_C@_0BC@CELBKLLA@IsValidLocaleName?$AA@ 000000018000cb90     LIBCMT:winapisupp.obj
 0002:00000ba8       ??_C@_0O@KKBNKAPF@LCMapStringEx?$AA@ 000000018000cba8     LIBCMT:winapisupp.obj
 0002:00000bb8       ??_C@_0BE@JOGNEJCI@GetCurrentPackageId?$AA@ 000000018000cbb8     LIBCMT:winapisupp.obj
 0002:00000bd0       ??_C@_0P@CDHHOHKP@GetTickCount64?$AA@ 000000018000cbd0     LIBCMT:winapisupp.obj
 0002:00000be0       ??_C@_0BO@KPCLFDJJ@GetFileInformationByHandleExW?$AA@ 000000018000cbe0     LIBCMT:winapisupp.obj
 0002:00000c00       ??_C@_0BM@MHIDLABK@SetFileInformationByHandleW?$AA@ 000000018000cc00     LIBCMT:winapisupp.obj
 0002:00000c30       ??_C@_03KHJOGHMM@exp?$AA@  000000018000cc30     LIBCMT:fpexcept.obj
 0002:00000c34       ??_C@_03JGHBODFD@pow?$AA@  000000018000cc34     LIBCMT:fpexcept.obj
 0002:00000c38       ??_C@_03MGHMBJCF@log?$AA@  000000018000cc38     LIBCMT:fpexcept.obj
 0002:00000c3c       ??_C@_05HGHHAHAP@log10?$AA@ 000000018000cc3c     LIBCMT:fpexcept.obj
 0002:00000c44       ??_C@_04COOMCNPB@sinh?$AA@ 000000018000cc44     LIBCMT:fpexcept.obj
 0002:00000c4c       ??_C@_04HPJJNFIM@cosh?$AA@ 000000018000cc4c     LIBCMT:fpexcept.obj
 0002:00000c54       ??_C@_04FJHINJAO@tanh?$AA@ 000000018000cc54     LIBCMT:fpexcept.obj
 0002:00000c5c       ??_C@_04FIHNOPOL@asin?$AA@ 000000018000cc5c     LIBCMT:fpexcept.obj
 0002:00000c64       ??_C@_04PDIFKINK@acos?$AA@ 000000018000cc64     LIBCMT:fpexcept.obj
 0002:00000c6c       ??_C@_04MLLJIGOK@atan?$AA@ 000000018000cc6c     LIBCMT:fpexcept.obj
 0002:00000c74       ??_C@_05KNGEOGJB@atan2?$AA@ 000000018000cc74     LIBCMT:fpexcept.obj
 0002:00000c7c       ??_C@_04EIAKFFMI@sqrt?$AA@ 000000018000cc7c     LIBCMT:fpexcept.obj
 0002:00000c84       ??_C@_03BLEJJJBH@sin?$AA@  000000018000cc84     LIBCMT:fpexcept.obj
 0002:00000c88       ??_C@_03LALBNOCG@cos?$AA@  000000018000cc88     LIBCMT:fpexcept.obj
 0002:00000c8c       ??_C@_03IIINPABG@tan?$AA@  000000018000cc8c     LIBCMT:fpexcept.obj
 0002:00000c90       ??_C@_04GFPJNGEK@ceil?$AA@ 000000018000cc90     LIBCMT:fpexcept.obj
 0002:00000c98       ??_C@_05PBJFFIGL@floor?$AA@ 000000018000cc98     LIBCMT:fpexcept.obj
 0002:00000ca0       ??_C@_04ODHECPBC@fabs?$AA@ 000000018000cca0     LIBCMT:fpexcept.obj
 0002:00000ca8       ??_C@_04EHEDPDJG@modf?$AA@ 000000018000cca8     LIBCMT:fpexcept.obj
 0002:00000cb0       ??_C@_05CEJMAHNP@ldexp?$AA@ 000000018000ccb0     LIBCMT:fpexcept.obj
 0002:00000cb8       ??_C@_05KBKMEMPO@_cabs?$AA@ 000000018000ccb8     LIBCMT:fpexcept.obj
 0002:00000cc0       ??_C@_04KEPJIHGP@fmod?$AA@ 000000018000ccc0     LIBCMT:fpexcept.obj
 0002:00000cc8       ??_C@_05GKKHEGJL@frexp?$AA@ 000000018000ccc8     LIBCMT:fpexcept.obj
 0002:00000cd0       ??_C@_03MJLDFKDL@_y0?$AA@  000000018000ccd0     LIBCMT:fpexcept.obj
 0002:00000cd4       ??_C@_03NAKIGLHK@_y1?$AA@  000000018000ccd4     LIBCMT:fpexcept.obj
 0002:00000cd8       ??_C@_03ONILCKOB@_yn?$AA@  000000018000ccd8     LIBCMT:fpexcept.obj
 0002:00000cdc       ??_C@_05JGDBENOH@_logb?$AA@ 000000018000ccdc     LIBCMT:fpexcept.obj
 0002:00000ce8       ??_C@_0L@KDOEJCKC@_nextafter?$AA@ 000000018000cce8     LIBCMT:fpexcept.obj
 0002:00000cf8       __real@0000000000000000    000000018000ccf8     LIBCMT:fpexcept.obj
 0002:00000d00       ??_C@_05KLBDPFGC@e?$CL000?$AA@ 000000018000cd00     LIBCMT:cvt.obj
 0002:00000d10       __newctype                 000000018000cd10     LIBCMT:ctype.obj
 0002:00001010       _wctype                    000000018000d010     LIBCMT:ctype.obj
 0002:00001220       __newclmap                 000000018000d220     LIBCMT:ctype.obj
 0002:000013a0       __newcumap                 000000018000d3a0     LIBCMT:ctype.obj
 0002:00001520       ??_C@_15PJPFLCCM@?$AAu?$AAk?$AA?$AA@ 000000018000d520     LIBCMT:getqloc.obj
 0002:00001528       __rg_language_count        000000018000d528     LIBCMT:getqloc.obj
 0002:0000152c       __rg_country_count         000000018000d52c     LIBCMT:getqloc.obj
 0002:00001530       LcidToLocaleNameTable      000000018000d530     LIBCMT:winapinls.obj
 0002:00002370       LocaleNameToIndexTable     000000018000e370     LIBCMT:winapinls.obj
 0002:000031b0       ??_C@_15EMKDOKLE@?$AAa?$AAr?$AA?$AA@ 000000018000f1b0     LIBCMT:winapinls.obj
 0002:000031b8       ??_C@_15KNPADPLH@?$AAb?$AAg?$AA?$AA@ 000000018000f1b8     LIBCMT:winapinls.obj
 0002:000031c0       ??_C@_15EDMHLDMO@?$AAc?$AAa?$AA?$AA@ 000000018000f1c0     LIBCMT:winapinls.obj
 0002:000031c8       ??_C@_1O@BPEAJADD@?$AAz?$AAh?$AA?9?$AAC?$AAH?$AAS?$AA?$AA@ 000000018000f1c8     LIBCMT:winapinls.obj
 0002:000031d8       ??_C@_15LJNHCMNK@?$AAc?$AAs?$AA?$AA@ 000000018000f1d8     LIBCMT:winapinls.obj
 0002:000031e0       ??_C@_15FOMCIDHG@?$AAd?$AAa?$AA?$AA@ 000000018000f1e0     LIBCMT:winapinls.obj
 0002:000031e8       ??_C@_15NBKABECB@?$AAd?$AAe?$AA?$AA@ 000000018000f1e8     LIBCMT:winapinls.obj
 0002:000031f0       ??_C@_15GHPEIIAO@?$AAe?$AAl?$AA?$AA@ 000000018000f1f0     LIBCMT:winapinls.obj
 0002:000031f8       ??_C@_15MNPNEAIF@?$AAe?$AAn?$AA?$AA@ 000000018000f1f8     LIBCMT:winapinls.obj
 0002:00003200       ??_C@_15GPIOMPMH@?$AAe?$AAs?$AA?$AA@ 000000018000f200     LIBCMT:winapinls.obj
 0002:00003208       ??_C@_15NGLOAKJC@?$AAf?$AAi?$AA?$AA@ 000000018000f208     LIBCMT:winapinls.obj
 0002:00003210       ??_C@_15FBKGNKAM@?$AAf?$AAr?$AA?$AA@ 000000018000f210     LIBCMT:winapinls.obj
 0002:00003218       ??_C@_15KGGCNEFK@?$AAh?$AAe?$AA?$AA@ 000000018000f218     LIBCMT:winapinls.obj
 0002:00003220       ??_C@_15PGHLIDMF@?$AAh?$AAu?$AA?$AA@ 000000018000f220     LIBCMT:winapinls.obj
 0002:00003228       ??_C@_15BIEMAPLM@?$AAi?$AAs?$AA?$AA@ 000000018000f228     LIBCMT:winapinls.obj
 0002:00003230       ??_C@_15IFJLDHAF@?$AAi?$AAt?$AA?$AA@ 000000018000f230     LIBCMT:winapinls.obj
 0002:00003238       ??_C@_15GEMIOCAG@?$AAj?$AAa?$AA?$AA@ 000000018000f238     LIBCMT:winapinls.obj
 0002:00003240       ??_C@_15EPELEGJA@?$AAk?$AAo?$AA?$AA@ 000000018000f240     LIBCMT:winapinls.obj
 0002:00003248       ??_C@_15NDDHIMN@?$AAn?$AAl?$AA?$AA@ 000000018000f248     LIBCMT:winapinls.obj
 0002:00003250       ??_C@_15BPIGNHCD@?$AAn?$AAo?$AA?$AA@ 000000018000f250     LIBCMT:winapinls.obj
 0002:00003258       ??_C@_15DEOPBLCG@?$AAp?$AAl?$AA?$AA@ 000000018000f258     LIBCMT:winapinls.obj
 0002:00003260       ??_C@_15KBECGEFG@?$AAp?$AAt?$AA?$AA@ 000000018000f260     LIBCMT:winapinls.obj
 0002:00003268       ??_C@_15GLJCBFMD@?$AAr?$AAo?$AA?$AA@ 000000018000f268     LIBCMT:winapinls.obj
 0002:00003270       ??_C@_15FEDGKCDI@?$AAr?$AAu?$AA?$AA@ 000000018000f270     LIBCMT:winapinls.obj
 0002:00003278       ??_C@_15GLKMLLHM@?$AAh?$AAr?$AA?$AA@ 000000018000f278     LIBCMT:winapinls.obj
 0002:00003280       ??_C@_15CPKMFBDB@?$AAs?$AAk?$AA?$AA@ 000000018000f280     LIBCMT:winapinls.obj
 0002:00003288       ??_C@_15BAAIOGMK@?$AAs?$AAq?$AA?$AA@ 000000018000f288     LIBCMT:winapinls.obj
 0002:00003290       ??_C@_15INNPNOHD@?$AAs?$AAv?$AA?$AA@ 000000018000f290     LIBCMT:winapinls.obj
 0002:00003298       ??_C@_15CABMMOGH@?$AAt?$AAh?$AA?$AA@ 000000018000f298     LIBCMT:winapinls.obj
 0002:000032a0       ??_C@_15BPLIHJJM@?$AAt?$AAr?$AA?$AA@ 000000018000f2a0     LIBCMT:winapinls.obj
 0002:000032a8       ??_C@_15NEOEKKDJ@?$AAu?$AAr?$AA?$AA@ 000000018000f2a8     LIBCMT:winapinls.obj
 0002:000032b0       ??_C@_15NFICGAJK@?$AAi?$AAd?$AA?$AA@ 000000018000f2b0     LIBCMT:winapinls.obj
 0002:000032b8       ??_C@_15HPJPHDM@?$AAb?$AAe?$AA?$AA@ 000000018000f2b8     LIBCMT:winapinls.obj
 0002:000032c0       ??_C@_15LCHLGJII@?$AAs?$AAl?$AA?$AA@ 000000018000f2c0     LIBCMT:winapinls.obj
 0002:000032c8       ??_C@_15PCFJPHHO@?$AAe?$AAt?$AA?$AA@ 000000018000f2c8     LIBCMT:winapinls.obj
 0002:000032d0       ??_C@_15HPFPGODN@?$AAl?$AAv?$AA?$AA@ 000000018000f2d0     LIBCMT:winapinls.obj
 0002:000032d8       ??_C@_15NFFGKGLG@?$AAl?$AAt?$AA?$AA@ 000000018000f2d8     LIBCMT:winapinls.obj
 0002:000032e0       ??_C@_15BDAKCCHN@?$AAf?$AAa?$AA?$AA@ 000000018000f2e0     LIBCMT:winapinls.obj
 0002:000032e8       ??_C@_15NFGIAIAJ@?$AAv?$AAi?$AA?$AA@ 000000018000f2e8     LIBCMT:winapinls.obj
 0002:000032f0       ??_C@_15LMKNDMHN@?$AAh?$AAy?$AA?$AA@ 000000018000f2f0     LIBCMT:winapinls.obj
 0002:000032f8       ??_C@_15IJBHMCFL@?$AAa?$AAz?$AA?$AA@ 000000018000f2f8     LIBCMT:winapinls.obj
 0002:00003300       ??_C@_15EKOFJABL@?$AAe?$AAu?$AA?$AA@ 000000018000f300     LIBCMT:winapinls.obj
 0002:00003308       ??_C@_15BGHADCNK@?$AAm?$AAk?$AA?$AA@ 000000018000f308     LIBCMT:winapinls.obj
 0002:00003310       ??_C@_15JDNICKHM@?$AAa?$AAf?$AA?$AA@ 000000018000f310     LIBCMT:winapinls.obj
 0002:00003318       ??_C@_15KPJEDBKD@?$AAk?$AAa?$AA?$AA@ 000000018000f318     LIBCMT:winapinls.obj
 0002:00003320       ??_C@_15PDNFFFEO@?$AAf?$AAo?$AA?$AA@ 000000018000f320     LIBCMT:winapinls.obj
 0002:00003328       ??_C@_15OMLEGLOC@?$AAh?$AAi?$AA?$AA@ 000000018000f328     LIBCMT:winapinls.obj
 0002:00003330       ??_C@_15IDNNENKK@?$AAm?$AAs?$AA?$AA@ 000000018000f330     LIBCMT:winapinls.obj
 0002:00003338       ??_C@_15MACJNBMH@?$AAk?$AAk?$AA?$AA@ 000000018000f338     LIBCMT:winapinls.obj
 0002:00003340       ??_C@_15DKDJEOND@?$AAk?$AAy?$AA?$AA@ 000000018000f340     LIBCMT:winapinls.obj
 0002:00003348       ??_C@_15DFGDLJBG@?$AAs?$AAw?$AA?$AA@ 000000018000f348     LIBCMT:winapinls.obj
 0002:00003350       ??_C@_15BBFAICNG@?$AAu?$AAz?$AA?$AA@ 000000018000f350     LIBCMT:winapinls.obj
 0002:00003358       ??_C@_15DKNDCGEA@?$AAt?$AAt?$AA?$AA@ 000000018000f358     LIBCMT:winapinls.obj
 0002:00003360       ??_C@_15MGIFMDPL@?$AAp?$AAa?$AA?$AA@ 000000018000f360     LIBCMT:winapinls.obj
 0002:00003368       ??_C@_15HCNDBBA@?$AAg?$AAu?$AA?$AA@ 000000018000f368     LIBCMT:winapinls.obj
 0002:00003370       ??_C@_15FNBEIBON@?$AAt?$AAa?$AA?$AA@ 000000018000f370     LIBCMT:winapinls.obj
 0002:00003378       ??_C@_15NCHGBGLK@?$AAt?$AAe?$AA?$AA@ 000000018000f378     LIBCMT:winapinls.obj
 0002:00003380       ??_C@_15PHPHCBPF@?$AAk?$AAn?$AA?$AA@ 000000018000f380     LIBCMT:winapinls.obj
 0002:00003388       ??_C@_15DLGBCKMP@?$AAm?$AAr?$AA?$AA@ 000000018000f388     LIBCMT:winapinls.obj
 0002:00003390       ??_C@_15EABBLBFF@?$AAs?$AAa?$AA?$AA@ 000000018000f390     LIBCMT:winapinls.obj
 0002:00003398       ??_C@_15CBKOMCOI@?$AAm?$AAn?$AA?$AA@ 000000018000f398     LIBCMT:winapinls.obj
 0002:000033a0       ??_C@_15CKDMCJAF@?$AAg?$AAl?$AA?$AA@ 000000018000f3a0     LIBCMT:winapinls.obj
 0002:000033a8       ??_C@_17CNJFBPG@?$AAk?$AAo?$AAk?$AA?$AA@ 000000018000f3a8     LIBCMT:winapinls.obj
 0002:000033b0       ??_C@_17FFBJICPL@?$AAs?$AAy?$AAr?$AA?$AA@ 000000018000f3b0     LIBCMT:winapinls.obj
 0002:000033b8       ??_C@_17KPNDCPAF@?$AAd?$AAi?$AAv?$AA?$AA@ 000000018000f3b8     LIBCMT:winapinls.obj
 0002:000033c0       ??_C@_11LOCGONAA@?$AA?$AA@ 000000018000f3c0     LIBCMT:winapinls.obj
 0002:000033c8       ??_C@_1M@OKAHONE@?$AAa?$AAr?$AA?9?$AAS?$AAA?$AA?$AA@ 000000018000f3c8     LIBCMT:winapinls.obj
 0002:000033d8       ??_C@_1M@FFFIGIGK@?$AAb?$AAg?$AA?9?$AAB?$AAG?$AA?$AA@ 000000018000f3d8     LIBCMT:winapinls.obj
 0002:000033e8       ??_C@_1M@BJNKEDC@?$AAc?$AAa?$AA?9?$AAE?$AAS?$AA?$AA@ 000000018000f3e8     LIBCMT:winapinls.obj
 0002:000033f8       ??_C@_1M@IJJHFJHA@?$AAc?$AAs?$AA?9?$AAC?$AAZ?$AA?$AA@ 000000018000f3f8     LIBCMT:winapinls.obj
 0002:00003408       ??_C@_1M@CLPEOBGI@?$AAd?$AAa?$AA?9?$AAD?$AAK?$AA?$AA@ 000000018000f408     LIBCMT:winapinls.obj
 0002:00003418       ??_C@_1M@MCMADGCB@?$AAd?$AAe?$AA?9?$AAD?$AAE?$AA?$AA@ 000000018000f418     LIBCMT:winapinls.obj
 0002:00003428       ??_C@_1M@OOCKEMAM@?$AAe?$AAl?$AA?9?$AAG?$AAR?$AA?$AA@ 000000018000f428     LIBCMT:winapinls.obj
 0002:00003438       ??_C@_1M@DDNJFGID@?$AAf?$AAi?$AA?9?$AAF?$AAI?$AA?$AA@ 000000018000f438     LIBCMT:winapinls.obj
 0002:00003448       ??_C@_1M@GLIPPMAC@?$AAf?$AAr?$AA?9?$AAF?$AAR?$AA?$AA@ 000000018000f448     LIBCMT:winapinls.obj
 0002:00003458       ??_C@_1M@GFMCHPE@?$AAh?$AAe?$AA?9?$AAI?$AAL?$AA?$AA@ 000000018000f458     LIBCMT:winapinls.obj
 0002:00003468       ??_C@_1M@MHLPGNKM@?$AAh?$AAu?$AA?9?$AAH?$AAU?$AA?$AA@ 000000018000f468     LIBCMT:winapinls.obj
 0002:00003478       ??_C@_1M@LPDDNNPN@?$AAi?$AAs?$AA?9?$AAI?$AAS?$AA?$AA@ 000000018000f478     LIBCMT:winapinls.obj
 0002:00003488       ??_C@_1M@MADIPODN@?$AAi?$AAt?$AA?9?$AAI?$AAT?$AA?$AA@ 000000018000f488     LIBCMT:winapinls.obj
 0002:00003498       ??_C@_1M@IHBJJGG@?$AAn?$AAl?$AA?9?$AAN?$AAL?$AA?$AA@ 000000018000f498     LIBCMT:winapinls.obj
 0002:000034a8       ??_C@_1M@EANAGDL@?$AAn?$AAb?$AA?9?$AAN?$AAO?$AA?$AA@ 000000018000f4a8     LIBCMT:winapinls.obj
 0002:000034b8       ??_C@_1M@NEIEMEGP@?$AAp?$AAl?$AA?9?$AAP?$AAL?$AA?$AA@ 000000018000f4b8     LIBCMT:winapinls.obj
 0002:000034c8       ??_C@_1M@BOCFIGEP@?$AAp?$AAt?$AA?9?$AAB?$AAR?$AA?$AA@ 000000018000f4c8     LIBCMT:winapinls.obj
 0002:000034d8       ??_C@_1M@IMPFOPBG@?$AAr?$AAo?$AA?9?$AAR?$AAO?$AA?$AA@ 000000018000f4d8     LIBCMT:winapinls.obj
 0002:000034e8       ??_C@_1M@IDNNEJMM@?$AAr?$AAu?$AA?9?$AAR?$AAU?$AA?$AA@ 000000018000f4e8     LIBCMT:winapinls.obj
 0002:000034f8       ??_C@_1M@LILEEOGM@?$AAh?$AAr?$AA?9?$AAH?$AAR?$AA?$AA@ 000000018000f4f8     LIBCMT:winapinls.obj
 0002:00003508       ??_C@_1M@FKIFEHPB@?$AAs?$AAk?$AA?9?$AAS?$AAK?$AA?$AA@ 000000018000f508     LIBCMT:winapinls.obj
 0002:00003518       ??_C@_1M@LJMAMNPJ@?$AAs?$AAq?$AA?9?$AAA?$AAL?$AA?$AA@ 000000018000f518     LIBCMT:winapinls.obj
 0002:00003528       ??_C@_1M@GIAKDKJK@?$AAs?$AAv?$AA?9?$AAS?$AAE?$AA?$AA@ 000000018000f528     LIBCMT:winapinls.obj
 0002:00003538       ??_C@_1M@MKJKIKCL@?$AAt?$AAh?$AA?9?$AAT?$AAH?$AA?$AA@ 000000018000f538     LIBCMT:winapinls.obj
 0002:00003548       ??_C@_1M@MFLCCMPB@?$AAt?$AAr?$AA?9?$AAT?$AAR?$AA?$AA@ 000000018000f548     LIBCMT:winapinls.obj
 0002:00003558       ??_C@_1M@OIJHDKJN@?$AAu?$AAr?$AA?9?$AAP?$AAK?$AA?$AA@ 000000018000f558     LIBCMT:winapinls.obj
 0002:00003568       ??_C@_1M@LHIPCIEK@?$AAi?$AAd?$AA?9?$AAI?$AAD?$AA?$AA@ 000000018000f568     LIBCMT:winapinls.obj
 0002:00003578       ??_C@_1M@MFMOBGI@?$AAu?$AAk?$AA?9?$AAU?$AAA?$AA?$AA@ 000000018000f578     LIBCMT:winapinls.obj
 0002:00003588       ??_C@_1M@OBGLJIPL@?$AAb?$AAe?$AA?9?$AAB?$AAY?$AA?$AA@ 000000018000f588     LIBCMT:winapinls.obj
 0002:00003598       ??_C@_1M@BCFAJEAD@?$AAs?$AAl?$AA?9?$AAS?$AAI?$AA?$AA@ 000000018000f598     LIBCMT:winapinls.obj
 0002:000035a8       ??_C@_1M@FKFFEDDN@?$AAe?$AAt?$AA?9?$AAE?$AAE?$AA?$AA@ 000000018000f5a8     LIBCMT:winapinls.obj
 0002:000035b8       ??_C@_1M@KGKKAACI@?$AAl?$AAv?$AA?9?$AAL?$AAV?$AA?$AA@ 000000018000f5b8     LIBCMT:winapinls.obj
 0002:000035c8       ??_C@_1M@IFGBIJO@?$AAl?$AAt?$AA?9?$AAL?$AAT?$AA?$AA@ 000000018000f5c8     LIBCMT:winapinls.obj
 0002:000035d8       ??_C@_1M@FGEAHEDM@?$AAf?$AAa?$AA?9?$AAI?$AAR?$AA?$AA@ 000000018000f5d8     LIBCMT:winapinls.obj
 0002:000035e8       ??_C@_1M@KBMAIBFN@?$AAv?$AAi?$AA?9?$AAV?$AAN?$AA?$AA@ 000000018000f5e8     LIBCMT:winapinls.obj
 0002:000035f8       ??_C@_1M@GPCBKDJK@?$AAh?$AAy?$AA?9?$AAA?$AAM?$AA?$AA@ 000000018000f5f8     LIBCMT:winapinls.obj
 0002:00003608       ??_C@_1BG@BECMDDJB@?$AAa?$AAz?$AA?9?$AAA?$AAZ?$AA?9?$AAL?$AAa?$AAt?$AAn?$AA?$AA@ 000000018000f608     LIBCMT:winapinls.obj
 0002:00003620       ??_C@_1M@MAOFCAEA@?$AAe?$AAu?$AA?9?$AAE?$AAS?$AA?$AA@ 000000018000f620     LIBCMT:winapinls.obj
 0002:00003630       ??_C@_1M@IGHABKPI@?$AAm?$AAk?$AA?9?$AAM?$AAK?$AA?$AA@ 000000018000f630     LIBCMT:winapinls.obj
 0002:00003640       ??_C@_1M@IAIGNEJG@?$AAt?$AAn?$AA?9?$AAZ?$AAA?$AA?$AA@ 000000018000f640     LIBCMT:winapinls.obj
 0002:00003650       ??_C@_1M@IIJCOJFA@?$AAx?$AAh?$AA?9?$AAZ?$AAA?$AA?$AA@ 000000018000f650     LIBCMT:winapinls.obj
 0002:00003660       ??_C@_1M@LGPJHNJH@?$AAz?$AAu?$AA?9?$AAZ?$AAA?$AA?$AA@ 000000018000f660     LIBCMT:winapinls.obj
 0002:00003670       ??_C@_1M@HOKAOIO@?$AAa?$AAf?$AA?9?$AAZ?$AAA?$AA?$AA@ 000000018000f670     LIBCMT:winapinls.obj
 0002:00003680       ??_C@_1M@DPCLHLIE@?$AAk?$AAa?$AA?9?$AAG?$AAE?$AA?$AA@ 000000018000f680     LIBCMT:winapinls.obj
 0002:00003690       ??_C@_1M@BLKMHJBI@?$AAf?$AAo?$AA?9?$AAF?$AAO?$AA?$AA@ 000000018000f690     LIBCMT:winapinls.obj
 0002:000036a0       ??_C@_1M@LGGJAPPB@?$AAh?$AAi?$AA?9?$AAI?$AAN?$AA?$AA@ 000000018000f6a0     LIBCMT:winapinls.obj
 0002:000036b0       ??_C@_1M@FIKPIHFE@?$AAm?$AAt?$AA?9?$AAM?$AAT?$AA?$AA@ 000000018000f6b0     LIBCMT:winapinls.obj
 0002:000036c0       ??_C@_1M@HEGGPBFA@?$AAs?$AAe?$AA?9?$AAN?$AAO?$AA?$AA@ 000000018000f6c0     LIBCMT:winapinls.obj
 0002:000036d0       ??_C@_1M@EIBJEEPA@?$AAm?$AAs?$AA?9?$AAM?$AAY?$AA?$AA@ 000000018000f6d0     LIBCMT:winapinls.obj
 0002:000036e0       ??_C@_1M@FHLBGMPP@?$AAk?$AAk?$AA?9?$AAK?$AAZ?$AA?$AA@ 000000018000f6e0     LIBCMT:winapinls.obj
 0002:000036f0       ??_C@_1M@NGJJLCGI@?$AAk?$AAy?$AA?9?$AAK?$AAG?$AA?$AA@ 000000018000f6f0     LIBCMT:winapinls.obj
 0002:00003700       ??_C@_1M@GIENNBFC@?$AAs?$AAw?$AA?9?$AAK?$AAE?$AA?$AA@ 000000018000f700     LIBCMT:winapinls.obj
 0002:00003710       ??_C@_1BG@NDGMJIMJ@?$AAu?$AAz?$AA?9?$AAU?$AAZ?$AA?9?$AAL?$AAa?$AAt?$AAn?$AA?$AA@ 000000018000f710     LIBCMT:winapinls.obj
 0002:00003728       ??_C@_1M@IDCCIHBC@?$AAt?$AAt?$AA?9?$AAR?$AAU?$AA?$AA@ 000000018000f728     LIBCMT:winapinls.obj
 0002:00003738       ??_C@_1M@LOICPMOJ@?$AAb?$AAn?$AA?9?$AAI?$AAN?$AA?$AA@ 000000018000f738     LIBCMT:winapinls.obj
 0002:00003748       ??_C@_1M@KPKKNEAH@?$AAp?$AAa?$AA?9?$AAI?$AAN?$AA?$AA@ 000000018000f748     LIBCMT:winapinls.obj
 0002:00003758       ??_C@_1M@PJGPPBOG@?$AAg?$AAu?$AA?9?$AAI?$AAN?$AA?$AA@ 000000018000f758     LIBCMT:winapinls.obj
 0002:00003768       ??_C@_1M@KMKMOPHI@?$AAt?$AAa?$AA?9?$AAI?$AAN?$AA?$AA@ 000000018000f768     LIBCMT:winapinls.obj
 0002:00003778       ??_C@_1M@KFEHEPAC@?$AAt?$AAe?$AA?9?$AAI?$AAN?$AA?$AA@ 000000018000f778     LIBCMT:winapinls.obj
 0002:00003788       ??_C@_1M@CDCLMGHI@?$AAk?$AAn?$AA?9?$AAI?$AAN?$AA?$AA@ 000000018000f788     LIBCMT:winapinls.obj
 0002:00003798       ??_C@_1M@MIODLDKF@?$AAm?$AAl?$AA?9?$AAI?$AAN?$AA?$AA@ 000000018000f798     LIBCMT:winapinls.obj
 0002:000037a8       ??_C@_1M@PBIEACPO@?$AAm?$AAr?$AA?9?$AAI?$AAN?$AA?$AA@ 000000018000f7a8     LIBCMT:winapinls.obj
 0002:000037b8       ??_C@_1M@NIDEAGPH@?$AAs?$AAa?$AA?9?$AAI?$AAN?$AA?$AA@ 000000018000f7b8     LIBCMT:winapinls.obj
 0002:000037c8       ??_C@_1M@FHIHCBIO@?$AAm?$AAn?$AA?9?$AAM?$AAN?$AA?$AA@ 000000018000f7c8     LIBCMT:winapinls.obj
 0002:000037d8       ??_C@_1M@JAIJPENP@?$AAc?$AAy?$AA?9?$AAG?$AAB?$AA?$AA@ 000000018000f7d8     LIBCMT:winapinls.obj
 0002:000037e8       ??_C@_1M@PHGFBEPN@?$AAg?$AAl?$AA?9?$AAE?$AAS?$AA?$AA@ 000000018000f7e8     LIBCMT:winapinls.obj
 0002:000037f8       ??_C@_1O@KPIPDNCP@?$AAk?$AAo?$AAk?$AA?9?$AAI?$AAN?$AA?$AA@ 000000018000f7f8     LIBCMT:winapinls.obj
 0002:00003808       ??_C@_1O@KNHJLDJA@?$AAs?$AAy?$AAr?$AA?9?$AAS?$AAY?$AA?$AA@ 000000018000f808     LIBCMT:winapinls.obj
 0002:00003818       ??_C@_1O@MKEKBLAH@?$AAd?$AAi?$AAv?$AA?9?$AAM?$AAV?$AA?$AA@ 000000018000f818     LIBCMT:winapinls.obj
 0002:00003828       ??_C@_1O@OHDCKDDF@?$AAq?$AAu?$AAz?$AA?9?$AAB?$AAO?$AA?$AA@ 000000018000f828     LIBCMT:winapinls.obj
 0002:00003838       ??_C@_1M@LEPJNLFD@?$AAn?$AAs?$AA?9?$AAZ?$AAA?$AA?$AA@ 000000018000f838     LIBCMT:winapinls.obj
 0002:00003848       ??_C@_1M@OMLEIIJB@?$AAm?$AAi?$AA?9?$AAN?$AAZ?$AA?$AA@ 000000018000f848     LIBCMT:winapinls.obj
 0002:00003858       ??_C@_1M@PMPEAILG@?$AAa?$AAr?$AA?9?$AAI?$AAQ?$AA?$AA@ 000000018000f858     LIBCMT:winapinls.obj
 0002:00003868       ??_C@_1M@CNKPNOEE@?$AAd?$AAe?$AA?9?$AAC?$AAH?$AA?$AA@ 000000018000f868     LIBCMT:winapinls.obj
 0002:00003878       ??_C@_1M@LKMGMLKO@?$AAe?$AAn?$AA?9?$AAG?$AAB?$AA?$AA@ 000000018000f878     LIBCMT:winapinls.obj
 0002:00003888       ??_C@_1M@PGKJFFGL@?$AAe?$AAs?$AA?9?$AAM?$AAX?$AA?$AA@ 000000018000f888     LIBCMT:winapinls.obj
 0002:00003898       ??_C@_1M@DNNANBDC@?$AAf?$AAr?$AA?9?$AAB?$AAE?$AA?$AA@ 000000018000f898     LIBCMT:winapinls.obj
 0002:000038a8       ??_C@_1M@HLGMDFHM@?$AAi?$AAt?$AA?9?$AAC?$AAH?$AA?$AA@ 000000018000f8a8     LIBCMT:winapinls.obj
 0002:000038b8       ??_C@_1M@CLLBGJH@?$AAn?$AAl?$AA?9?$AAB?$AAE?$AA?$AA@ 000000018000f8b8     LIBCMT:winapinls.obj
 0002:000038c8       ??_C@_1M@BODBOGLF@?$AAn?$AAn?$AA?9?$AAN?$AAO?$AA?$AA@ 000000018000f8c8     LIBCMT:winapinls.obj
 0002:000038d8       ??_C@_1M@HFFAHKAD@?$AAp?$AAt?$AA?9?$AAP?$AAT?$AA?$AA@ 000000018000f8d8     LIBCMT:winapinls.obj
 0002:000038e8       ??_C@_1BG@LNOAKHIE@?$AAs?$AAr?$AA?9?$AAS?$AAP?$AA?9?$AAL?$AAa?$AAt?$AAn?$AA?$AA@ 000000018000f8e8     LIBCMT:winapinls.obj
 0002:00003900       ??_C@_1M@HBMHBGAK@?$AAs?$AAv?$AA?9?$AAF?$AAI?$AA?$AA@ 000000018000f900     LIBCMT:winapinls.obj
 0002:00003910       ??_C@_1BG@DGCJGJBE@?$AAa?$AAz?$AA?9?$AAA?$AAZ?$AA?9?$AAC?$AAy?$AAr?$AAl?$AA?$AA@ 000000018000f910     LIBCMT:winapinls.obj
 0002:00003928       ??_C@_1M@KEJDAAHB@?$AAs?$AAe?$AA?9?$AAS?$AAE?$AA?$AA@ 000000018000f928     LIBCMT:winapinls.obj
 0002:00003938       ??_C@_1M@HEIBJJAD@?$AAm?$AAs?$AA?9?$AAB?$AAN?$AA?$AA@ 000000018000f938     LIBCMT:winapinls.obj
 0002:00003948       ??_C@_1BG@PBGJMCEM@?$AAu?$AAz?$AA?9?$AAU?$AAZ?$AA?9?$AAC?$AAy?$AAr?$AAl?$AA?$AA@ 000000018000f948     LIBCMT:winapinls.obj
 0002:00003960       ??_C@_1O@LAOBCMDF@?$AAq?$AAu?$AAz?$AA?9?$AAE?$AAC?$AA?$AA@ 000000018000f960     LIBCMT:winapinls.obj
 0002:00003970       ??_C@_1M@POEEMAIO@?$AAa?$AAr?$AA?9?$AAE?$AAG?$AA?$AA@ 000000018000f970     LIBCMT:winapinls.obj
 0002:00003980       ??_C@_1M@EFAKDEDL@?$AAz?$AAh?$AA?9?$AAH?$AAK?$AA?$AA@ 000000018000f980     LIBCMT:winapinls.obj
 0002:00003990       ??_C@_1M@HKKIJHGI@?$AAd?$AAe?$AA?9?$AAA?$AAT?$AA?$AA@ 000000018000f990     LIBCMT:winapinls.obj
 0002:000039a0       ??_C@_1M@KBFBEHJF@?$AAe?$AAn?$AA?9?$AAA?$AAU?$AA?$AA@ 000000018000f9a0     LIBCMT:winapinls.obj
 0002:000039b0       ??_C@_1M@MNPLFAAH@?$AAe?$AAs?$AA?9?$AAE?$AAS?$AA?$AA@ 000000018000f9b0     LIBCMT:winapinls.obj
 0002:000039c0       ??_C@_1M@HJOOJFMA@?$AAf?$AAr?$AA?9?$AAC?$AAA?$AA?$AA@ 000000018000f9c0     LIBCMT:winapinls.obj
 0002:000039d0       ??_C@_1BG@JPOFPNAB@?$AAs?$AAr?$AA?9?$AAS?$AAP?$AA?9?$AAC?$AAy?$AAr?$AAl?$AA?$AA@ 000000018000f9d0     LIBCMT:winapinls.obj
 0002:000039e8       ??_C@_1M@LNFOCMOB@?$AAs?$AAe?$AA?9?$AAF?$AAI?$AA?$AA@ 000000018000f9e8     LIBCMT:winapinls.obj
 0002:000039f8       ??_C@_1O@MGJBOAMB@?$AAq?$AAu?$AAz?$AA?9?$AAP?$AAE?$AA?$AA@ 000000018000f9f8     LIBCMT:winapinls.obj
 0002:00003a08       ??_C@_1M@GJINLBOK@?$AAa?$AAr?$AA?9?$AAL?$AAY?$AA?$AA@ 000000018000fa08     LIBCMT:winapinls.obj
 0002:00003a18       ??_C@_1M@GGMNHJNL@?$AAz?$AAh?$AA?9?$AAS?$AAG?$AA?$AA@ 000000018000fa18     LIBCMT:winapinls.obj
 0002:00003a28       ??_C@_1M@HOIKODND@?$AAd?$AAe?$AA?9?$AAL?$AAU?$AA?$AA@ 000000018000fa28     LIBCMT:winapinls.obj
 0002:00003a38       ??_C@_1M@DDOCCGFG@?$AAe?$AAn?$AA?9?$AAC?$AAA?$AA?$AA@ 000000018000fa38     LIBCMT:winapinls.obj
 0002:00003a48       ??_C@_1M@BNOEMJLF@?$AAe?$AAs?$AA?9?$AAG?$AAT?$AA?$AA@ 000000018000fa48     LIBCMT:winapinls.obj
 0002:00003a58       ??_C@_1M@EOGNKEK@?$AAf?$AAr?$AA?9?$AAC?$AAH?$AA?$AA@ 000000018000fa58     LIBCMT:winapinls.obj
 0002:00003a68       ??_C@_1M@FLIDJFHL@?$AAh?$AAr?$AA?9?$AAB?$AAA?$AA?$AA@ 000000018000fa68     LIBCMT:winapinls.obj
 0002:00003a78       ??_C@_1O@FMCELNAJ@?$AAs?$AAm?$AAj?$AA?9?$AAN?$AAO?$AA?$AA@ 000000018000fa78     LIBCMT:winapinls.obj
 0002:00003a88       ??_C@_1M@JHGLJMGJ@?$AAa?$AAr?$AA?9?$AAD?$AAZ?$AA?$AA@ 000000018000fa88     LIBCMT:winapinls.obj
 0002:00003a98       ??_C@_1M@JKKFDCNP@?$AAz?$AAh?$AA?9?$AAM?$AAO?$AA?$AA@ 000000018000fa98     LIBCMT:winapinls.obj
 0002:00003aa8       ??_C@_1M@GEEFALPE@?$AAd?$AAe?$AA?9?$AAL?$AAI?$AA?$AA@ 000000018000faa8     LIBCMT:winapinls.obj
 0002:00003ab8       ??_C@_1M@IGEOFBG@?$AAe?$AAn?$AA?9?$AAN?$AAZ?$AA?$AA@ 000000018000fab8     LIBCMT:winapinls.obj
 0002:00003ac8       ??_C@_1M@KDBONEHP@?$AAe?$AAs?$AA?9?$AAC?$AAR?$AA?$AA@ 000000018000fac8     LIBCMT:winapinls.obj
 0002:00003ad8       ??_C@_1M@FHMDOHNN@?$AAf?$AAr?$AA?9?$AAL?$AAU?$AA?$AA@ 000000018000fad8     LIBCMT:winapinls.obj
 0002:00003ae8       ??_C@_1BG@NFKKMAFG@?$AAb?$AAs?$AA?9?$AAB?$AAA?$AA?9?$AAL?$AAa?$AAt?$AAn?$AA?$AA@ 000000018000fae8     LIBCMT:winapinls.obj
 0002:00003b00       ??_C@_1O@IMNBEMCI@?$AAs?$AAm?$AAj?$AA?9?$AAS?$AAE?$AA?$AA@ 000000018000fb00     LIBCMT:winapinls.obj
 0002:00003b10       ??_C@_1M@DHHMBNDP@?$AAa?$AAr?$AA?9?$AAM?$AAA?$AA?$AA@ 000000018000fb10     LIBCMT:winapinls.obj
 0002:00003b20       ??_C@_1M@BNBLJCGH@?$AAe?$AAn?$AA?9?$AAI?$AAE?$AA?$AA@ 000000018000fb20     LIBCMT:winapinls.obj
 0002:00003b30       ??_C@_1M@GEPAFMDL@?$AAe?$AAs?$AA?9?$AAP?$AAA?$AA?$AA@ 000000018000fb30     LIBCMT:winapinls.obj
 0002:00003b40       ??_C@_1M@OJONDMDL@?$AAf?$AAr?$AA?9?$AAM?$AAC?$AA?$AA@ 000000018000fb40     LIBCMT:winapinls.obj
 0002:00003b50       ??_C@_1BG@OBCNFJB@?$AAs?$AAr?$AA?9?$AAB?$AAA?$AA?9?$AAL?$AAa?$AAt?$AAn?$AA?$AA@ 000000018000fb50     LIBCMT:winapinls.obj
 0002:00003b68       ??_C@_1O@KEMEEGPO@?$AAs?$AAm?$AAa?$AA?9?$AAN?$AAO?$AA?$AA@ 000000018000fb68     LIBCMT:winapinls.obj
 0002:00003b78       ??_C@_1M@ELMGFODK@?$AAa?$AAr?$AA?9?$AAT?$AAN?$AA?$AA@ 000000018000fb78     LIBCMT:winapinls.obj
 0002:00003b88       ??_C@_1M@BHDLHFAF@?$AAe?$AAn?$AA?9?$AAZ?$AAA?$AA?$AA@ 000000018000fb88     LIBCMT:winapinls.obj
 0002:00003b98       ??_C@_1M@BMGIGLIF@?$AAe?$AAs?$AA?9?$AAD?$AAO?$AA?$AA@ 000000018000fb98     LIBCMT:winapinls.obj
 0002:00003ba8       ??_C@_1BG@CMBHIPBE@?$AAs?$AAr?$AA?9?$AAB?$AAA?$AA?9?$AAC?$AAy?$AAr?$AAl?$AA?$AA@ 000000018000fba8     LIBCMT:winapinls.obj
 0002:00003bc0       ??_C@_1O@HEDBLHNP@?$AAs?$AAm?$AAa?$AA?9?$AAS?$AAE?$AA?$AA@ 000000018000fbc0     LIBCMT:winapinls.obj
 0002:00003bd0       ??_C@_1M@DAGCADIM@?$AAa?$AAr?$AA?9?$AAO?$AAM?$AA?$AA@ 000000018000fbd0     LIBCMT:winapinls.obj
 0002:00003be0       ??_C@_1M@FODLMICG@?$AAe?$AAn?$AA?9?$AAJ?$AAM?$AA?$AA@ 000000018000fbe0     LIBCMT:winapinls.obj
 0002:00003bf0       ??_C@_1M@DNMLCIHB@?$AAe?$AAs?$AA?9?$AAV?$AAE?$AA?$AA@ 000000018000fbf0     LIBCMT:winapinls.obj
 0002:00003c00       ??_C@_1O@EOKHMKJK@?$AAs?$AAm?$AAs?$AA?9?$AAF?$AAI?$AA?$AA@ 000000018000fc00     LIBCMT:winapinls.obj
 0002:00003c10       ??_C@_1M@CAFJMKOF@?$AAa?$AAr?$AA?9?$AAY?$AAE?$AA?$AA@ 000000018000fc10     LIBCMT:winapinls.obj
 0002:00003c20       ??_C@_1M@CBFHIJLI@?$AAe?$AAn?$AA?9?$AAC?$AAB?$AA?$AA@ 000000018000fc20     LIBCMT:winapinls.obj
 0002:00003c30       ??_C@_1M@BGNFLDN@?$AAe?$AAs?$AA?9?$AAC?$AAO?$AA?$AA@ 000000018000fc30     LIBCMT:winapinls.obj
 0002:00003c40       ??_C@_1O@JMPHMAMC@?$AAs?$AAm?$AAn?$AA?9?$AAF?$AAI?$AA?$AA@ 000000018000fc40     LIBCMT:winapinls.obj
 0002:00003c50       ??_C@_1M@JLANABKE@?$AAa?$AAr?$AA?9?$AAS?$AAY?$AA?$AA@ 000000018000fc50     LIBCMT:winapinls.obj
 0002:00003c60       ??_C@_1M@HPKGCFGN@?$AAe?$AAn?$AA?9?$AAB?$AAZ?$AA?$AA@ 000000018000fc60     LIBCMT:winapinls.obj
 0002:00003c70       ??_C@_1M@OLJCMLGM@?$AAe?$AAs?$AA?9?$AAP?$AAE?$AA?$AA@ 000000018000fc70     LIBCMT:winapinls.obj
 0002:00003c80       ??_C@_1M@MKKGFKLE@?$AAa?$AAr?$AA?9?$AAJ?$AAO?$AA?$AA@ 000000018000fc80     LIBCMT:winapinls.obj
 0002:00003c90       ??_C@_1M@EKPGLDNI@?$AAe?$AAn?$AA?9?$AAT?$AAT?$AA?$AA@ 000000018000fc90     LIBCMT:winapinls.obj
 0002:00003ca0       ??_C@_1M@OONGHFHE@?$AAe?$AAs?$AA?9?$AAA?$AAR?$AA?$AA@ 000000018000fca0     LIBCMT:winapinls.obj
 0002:00003cb0       ??_C@_1M@OOJFGBHE@?$AAa?$AAr?$AA?9?$AAL?$AAB?$AA?$AA@ 000000018000fcb0     LIBCMT:winapinls.obj
 0002:00003cc0       ??_C@_1M@GCEJHNEG@?$AAe?$AAn?$AA?9?$AAZ?$AAW?$AA?$AA@ 000000018000fcc0     LIBCMT:winapinls.obj
 0002:00003cd0       ??_C@_1M@JNOCAHJI@?$AAe?$AAs?$AA?9?$AAE?$AAC?$AA?$AA@ 000000018000fcd0     LIBCMT:winapinls.obj
 0002:00003ce0       ??_C@_1M@JEFHPGGB@?$AAa?$AAr?$AA?9?$AAK?$AAW?$AA?$AA@ 000000018000fce0     LIBCMT:winapinls.obj
 0002:00003cf0       ??_C@_1M@MLKIBJOJ@?$AAe?$AAn?$AA?9?$AAP?$AAH?$AA?$AA@ 000000018000fcf0     LIBCMT:winapinls.obj
 0002:00003d00       ??_C@_1M@BDNIPEND@?$AAe?$AAs?$AA?9?$AAC?$AAL?$AA?$AA@ 000000018000fd00     LIBCMT:winapinls.obj
 0002:00003d10       ??_C@_1M@MPNMEKBD@?$AAa?$AAr?$AA?9?$AAA?$AAE?$AA?$AA@ 000000018000fd10     LIBCMT:winapinls.obj
 0002:00003d20       ??_C@_1M@KBJALCPI@?$AAe?$AAs?$AA?9?$AAU?$AAY?$AA?$AA@ 000000018000fd20     LIBCMT:winapinls.obj
 0002:00003d30       ??_C@_1M@LLCCOAGA@?$AAa?$AAr?$AA?9?$AAB?$AAH?$AA?$AA@ 000000018000fd30     LIBCMT:winapinls.obj
 0002:00003d40       ??_C@_1M@PBFNCDEL@?$AAe?$AAs?$AA?9?$AAP?$AAY?$AA?$AA@ 000000018000fd40     LIBCMT:winapinls.obj
 0002:00003d50       ??_C@_1M@EDGINPNP@?$AAa?$AAr?$AA?9?$AAQ?$AAA?$AA?$AA@ 000000018000fd50     LIBCMT:winapinls.obj
 0002:00003d60       ??_C@_1M@MKDBIIJI@?$AAe?$AAs?$AA?9?$AAB?$AAO?$AA?$AA@ 000000018000fd60     LIBCMT:winapinls.obj
 0002:00003d70       ??_C@_1M@CPKKEBLD@?$AAe?$AAs?$AA?9?$AAS?$AAV?$AA?$AA@ 000000018000fd70     LIBCMT:winapinls.obj
 0002:00003d80       ??_C@_1M@NDBGMMJL@?$AAe?$AAs?$AA?9?$AAH?$AAN?$AA?$AA@ 000000018000fd80     LIBCMT:winapinls.obj
 0002:00003d90       ??_C@_1M@JIJIBHDP@?$AAe?$AAs?$AA?9?$AAN?$AAI?$AA?$AA@ 000000018000fd90     LIBCMT:winapinls.obj
 0002:00003da0       ??_C@_1M@CGFMKEEK@?$AAe?$AAs?$AA?9?$AAP?$AAR?$AA?$AA@ 000000018000fda0     LIBCMT:winapinls.obj
 0002:00003db0       ??_C@_1O@ICJHKIIK@?$AAz?$AAh?$AA?9?$AAC?$AAH?$AAT?$AA?$AA@ 000000018000fdb0     LIBCMT:winapinls.obj
 0002:00003dc0       ??_C@_15CLNEJCE@?$AAs?$AAr?$AA?$AA@ 000000018000fdc0     LIBCMT:winapinls.obj
 0002:00003dc8       ??_C@_1M@KAHEKEIG@?$AAa?$AAf?$AA?9?$AAz?$AAa?$AA?$AA@ 000000018000fdc8     LIBCMT:winapinls.obj
 0002:00003dd8       ??_C@_1M@GIECOABL@?$AAa?$AAr?$AA?9?$AAa?$AAe?$AA?$AA@ 000000018000fdd8     LIBCMT:winapinls.obj
 0002:00003de8       ??_C@_1M@BMLMEKGI@?$AAa?$AAr?$AA?9?$AAb?$AAh?$AA?$AA@ 000000018000fde8     LIBCMT:winapinls.obj
 0002:00003df8       ??_C@_1M@DAPFDGGB@?$AAa?$AAr?$AA?9?$AAd?$AAz?$AA?$AA@ 000000018000fdf8     LIBCMT:winapinls.obj
 0002:00003e08       ??_C@_1M@FJNKGKIG@?$AAa?$AAr?$AA?9?$AAe?$AAg?$AA?$AA@ 000000018000fe08     LIBCMT:winapinls.obj
 0002:00003e18       ??_C@_1M@FLGKKCLO@?$AAa?$AAr?$AA?9?$AAi?$AAq?$AA?$AA@ 000000018000fe18     LIBCMT:winapinls.obj
 0002:00003e28       ??_C@_1M@GNDIPALM@?$AAa?$AAr?$AA?9?$AAj?$AAo?$AA?$AA@ 000000018000fe28     LIBCMT:winapinls.obj
 0002:00003e38       ??_C@_1M@DDMJFMGJ@?$AAa?$AAr?$AA?9?$AAk?$AAw?$AA?$AA@ 000000018000fe38     LIBCMT:winapinls.obj
 0002:00003e48       ??_C@_1M@EJALMLHM@?$AAa?$AAr?$AA?9?$AAl?$AAb?$AA?$AA@ 000000018000fe48     LIBCMT:winapinls.obj
 0002:00003e58       ??_C@_1M@MOBDBLOC@?$AAa?$AAr?$AA?9?$AAl?$AAy?$AA?$AA@ 000000018000fe58     LIBCMT:winapinls.obj
 0002:00003e68       ??_C@_1M@JAOCLHDH@?$AAa?$AAr?$AA?9?$AAm?$AAa?$AA?$AA@ 000000018000fe68     LIBCMT:winapinls.obj
 0002:00003e78       ??_C@_1M@JHPMKJIE@?$AAa?$AAr?$AA?9?$AAo?$AAm?$AA?$AA@ 000000018000fe78     LIBCMT:winapinls.obj
 0002:00003e88       ??_C@_1M@OEPGHFNH@?$AAa?$AAr?$AA?9?$AAq?$AAa?$AA?$AA@ 000000018000fe88     LIBCMT:winapinls.obj
 0002:00003e98       ??_C@_1M@KJDONENM@?$AAa?$AAr?$AA?9?$AAs?$AAa?$AA?$AA@ 000000018000fe98     LIBCMT:winapinls.obj
 0002:00003ea8       ??_C@_1M@DMJDKLKM@?$AAa?$AAr?$AA?9?$AAs?$AAy?$AA?$AA@ 000000018000fea8     LIBCMT:winapinls.obj
 0002:00003eb8       ??_C@_1M@OMFIPEDC@?$AAa?$AAr?$AA?9?$AAt?$AAn?$AA?$AA@ 000000018000feb8     LIBCMT:winapinls.obj
 0002:00003ec8       ??_C@_1M@IHMHGAON@?$AAa?$AAr?$AA?9?$AAy?$AAe?$AA?$AA@ 000000018000fec8     LIBCMT:winapinls.obj
 0002:00003ed8       ??_C@_1BG@KDCPGJGB@?$AAa?$AAz?$AA?9?$AAa?$AAz?$AA?9?$AAc?$AAy?$AAr?$AAl?$AA?$AA@ 000000018000fed8     LIBCMT:winapinls.obj
 0002:00003ef0       ??_C@_1BG@IBCKDDOE@?$AAa?$AAz?$AA?9?$AAa?$AAz?$AA?9?$AAl?$AAa?$AAt?$AAn?$AA?$AA@ 000000018000fef0     LIBCMT:winapinls.obj
 0002:00003f08       ??_C@_1M@EGPFDCPD@?$AAb?$AAe?$AA?9?$AAb?$AAy?$AA?$AA@ 000000018000ff08     LIBCMT:winapinls.obj
 0002:00003f18       ??_C@_1M@PCMGMCGC@?$AAb?$AAg?$AA?9?$AAb?$AAg?$AA?$AA@ 000000018000ff18     LIBCMT:winapinls.obj
 0002:00003f28       ??_C@_1M@BJBMFGOB@?$AAb?$AAn?$AA?9?$AAi?$AAn?$AA?$AA@ 000000018000ff28     LIBCMT:winapinls.obj
 0002:00003f38       ??_C@_1BG@EAKMMACD@?$AAb?$AAs?$AA?9?$AAb?$AAa?$AA?9?$AAl?$AAa?$AAt?$AAn?$AA?$AA@ 000000018000ff38     LIBCMT:winapinls.obj
 0002:00003f50       ??_C@_1M@KGADAODK@?$AAc?$AAa?$AA?9?$AAe?$AAs?$AA?$AA@ 000000018000ff50     LIBCMT:winapinls.obj
 0002:00003f60       ??_C@_1M@COAJPDHI@?$AAc?$AAs?$AA?9?$AAc?$AAz?$AA?$AA@ 000000018000ff60     LIBCMT:winapinls.obj
 0002:00003f70       ??_C@_1M@DHBHFONH@?$AAc?$AAy?$AA?9?$AAg?$AAb?$AA?$AA@ 000000018000ff70     LIBCMT:winapinls.obj
 0002:00003f80       ??_C@_1M@IMGKELGA@?$AAd?$AAa?$AA?9?$AAd?$AAk?$AA?$AA@ 000000018000ff80     LIBCMT:winapinls.obj
 0002:00003f90       ??_C@_1M@NNDGDNGA@?$AAd?$AAe?$AA?9?$AAa?$AAt?$AA?$AA@ 000000018000ff90     LIBCMT:winapinls.obj
 0002:00003fa0       ??_C@_1M@IKDBHEEM@?$AAd?$AAe?$AA?9?$AAc?$AAh?$AA?$AA@ 000000018000ffa0     LIBCMT:winapinls.obj
 0002:00003fb0       ??_C@_1M@GFFOJMCJ@?$AAd?$AAe?$AA?9?$AAd?$AAe?$AA?$AA@ 000000018000ffb0     LIBCMT:winapinls.obj
 0002:00003fc0       ??_C@_1M@MDNLKBPM@?$AAd?$AAe?$AA?9?$AAl?$AAi?$AA?$AA@ 000000018000ffc0     LIBCMT:winapinls.obj
 0002:00003fd0       ??_C@_1M@NJBEEJNL@?$AAd?$AAe?$AA?9?$AAl?$AAu?$AA?$AA@ 000000018000ffd0     LIBCMT:winapinls.obj
 0002:00003fe0       ??_C@_1O@GNNELBAP@?$AAd?$AAi?$AAv?$AA?9?$AAm?$AAv?$AA?$AA@ 000000018000ffe0     LIBCMT:winapinls.obj
 0002:00003ff0       ??_C@_1M@EJLEOGAE@?$AAe?$AAl?$AA?9?$AAg?$AAr?$AA?$AA@ 000000018000fff0     LIBCMT:winapinls.obj
 0002:00004000       ??_C@_1M@GMPONJN@?$AAe?$AAn?$AA?9?$AAa?$AAu?$AA?$AA@ 0000000180010000     LIBCMT:winapinls.obj
 0002:00004010       ??_C@_1M@NIDIIPGF@?$AAe?$AAn?$AA?9?$AAb?$AAz?$AA?$AA@ 0000000180010010     LIBCMT:winapinls.obj
 0002:00004020       ??_C@_1M@JEHMIMFO@?$AAe?$AAn?$AA?9?$AAc?$AAa?$AA?$AA@ 0000000180010020     LIBCMT:winapinls.obj
 0002:00004030       ??_C@_1M@IGMJCDLA@?$AAe?$AAn?$AA?9?$AAc?$AAb?$AA?$AA@ 0000000180010030     LIBCMT:winapinls.obj
 0002:00004040       ??_C@_1M@BNFIGBKG@?$AAe?$AAn?$AA?9?$AAg?$AAb?$AA?$AA@ 0000000180010040     LIBCMT:winapinls.obj
 0002:00004050       ??_C@_1M@LKIFDIGP@?$AAe?$AAn?$AA?9?$AAi?$AAe?$AA?$AA@ 0000000180010050     LIBCMT:winapinls.obj
 0002:00004060       ??_C@_1M@PJKFGCCO@?$AAe?$AAn?$AA?9?$AAj?$AAm?$AA?$AA@ 0000000180010060     LIBCMT:winapinls.obj
 0002:00004070       ??_C@_1M@KPPKEPBO@?$AAe?$AAn?$AA?9?$AAn?$AAz?$AA?$AA@ 0000000180010070     LIBCMT:winapinls.obj
 0002:00004080       ??_C@_1M@GMDGLDOB@?$AAe?$AAn?$AA?9?$AAp?$AAh?$AA?$AA@ 0000000180010080     LIBCMT:winapinls.obj
 0002:00004090       ??_C@_1M@ONGIBJNA@?$AAe?$AAn?$AA?9?$AAt?$AAt?$AA?$AA@ 0000000180010090     LIBCMT:winapinls.obj
 0002:000040a0       ??_C@_1M@LLODPCMM@?$AAe?$AAn?$AA?9?$AAu?$AAs?$AA?$AA@ 00000001800100a0     LIBCMT:winapinls.obj
 0002:000040b0       ??_C@_1M@LAKFNPAN@?$AAe?$AAn?$AA?9?$AAz?$AAa?$AA?$AA@ 00000001800100b0     LIBCMT:winapinls.obj
 0002:000040c0       ??_C@_1M@MFNHNHEO@?$AAe?$AAn?$AA?9?$AAz?$AAw?$AA?$AA@ 00000001800100c0     LIBCMT:winapinls.obj
 0002:000040d0       ??_C@_1M@EJEINPHM@?$AAe?$AAs?$AA?9?$AAa?$AAr?$AA?$AA@ 00000001800100d0     LIBCMT:winapinls.obj
 0002:000040e0       ??_C@_1M@GNKPCCJA@?$AAe?$AAs?$AA?9?$AAb?$AAo?$AA?$AA@ 00000001800100e0     LIBCMT:winapinls.obj
 0002:000040f0       ??_C@_1M@LEEGFONL@?$AAe?$AAs?$AA?9?$AAc?$AAl?$AA?$AA@ 00000001800100f0     LIBCMT:winapinls.obj
 0002:00004100       ??_C@_1M@KGPDPBDF@?$AAe?$AAs?$AA?9?$AAc?$AAo?$AA?$AA@ 0000000180010100     LIBCMT:winapinls.obj
 0002:00004110       ??_C@_1M@EIAHOHH@?$AAe?$AAs?$AA?9?$AAc?$AAr?$AA?$AA@ 0000000180010110     LIBCMT:winapinls.obj
 0002:00004120       ??_C@_1M@LLPGMBIN@?$AAe?$AAs?$AA?9?$AAd?$AAo?$AA?$AA@ 0000000180010120     LIBCMT:winapinls.obj
 0002:00004130       ??_C@_1M@DKHMKNJA@?$AAe?$AAs?$AA?9?$AAe?$AAc?$AA?$AA@ 0000000180010130     LIBCMT:winapinls.obj
 0002:00004140       ??_C@_1M@GKGFPKAP@?$AAe?$AAs?$AA?9?$AAe?$AAs?$AA?$AA@ 0000000180010140     LIBCMT:winapinls.obj
 0002:00004150       ??_C@_1M@LKHKGDLN@?$AAe?$AAs?$AA?9?$AAg?$AAt?$AA?$AA@ 0000000180010150     LIBCMT:winapinls.obj
 0002:00004160       ??_C@_1M@HEIIGGJD@?$AAe?$AAs?$AA?9?$AAh?$AAn?$AA?$AA@ 0000000180010160     LIBCMT:winapinls.obj
 0002:00004170       ??_C@_1M@FBDHPPGD@?$AAe?$AAs?$AA?9?$AAm?$AAx?$AA?$AA@ 0000000180010170     LIBCMT:winapinls.obj
 0002:00004180       ??_C@_1M@DPAGLNDH@?$AAe?$AAs?$AA?9?$AAn?$AAi?$AA?$AA@ 0000000180010180     LIBCMT:winapinls.obj
 0002:00004190       ??_C@_1M@MDGOPGDD@?$AAe?$AAs?$AA?9?$AAp?$AAa?$AA?$AA@ 0000000180010190     LIBCMT:winapinls.obj
 0002:000041a0       ??_C@_1M@EMAMGBGE@?$AAe?$AAs?$AA?9?$AAp?$AAe?$AA?$AA@ 00000001800101a0     LIBCMT:winapinls.obj
 0002:000041b0       ??_C@_1M@IBMCAOEC@?$AAe?$AAs?$AA?9?$AAp?$AAr?$AA?$AA@ 00000001800101b0     LIBCMT:winapinls.obj
 0002:000041c0       ??_C@_1M@FGMDIJED@?$AAe?$AAs?$AA?9?$AAp?$AAy?$AA?$AA@ 00000001800101c0     LIBCMT:winapinls.obj
 0002:000041d0       ??_C@_1M@IIDEOLLL@?$AAe?$AAs?$AA?9?$AAs?$AAv?$AA?$AA@ 00000001800101d0     LIBCMT:winapinls.obj
 0002:000041e0       ??_C@_1M@GAOBIPA@?$AAe?$AAs?$AA?9?$AAu?$AAy?$AA?$AA@ 00000001800101e0     LIBCMT:winapinls.obj
 0002:000041f0       ??_C@_1M@JKFFICHJ@?$AAe?$AAs?$AA?9?$AAv?$AAe?$AA?$AA@ 00000001800101f0     LIBCMT:winapinls.obj
 0002:00004200       ??_C@_1M@PNMLOJDF@?$AAe?$AAt?$AA?9?$AAe?$AAe?$AA?$AA@ 0000000180010200     LIBCMT:winapinls.obj
 0002:00004210       ??_C@_1M@GHHLIKEI@?$AAe?$AAu?$AA?9?$AAe?$AAs?$AA?$AA@ 0000000180010210     LIBCMT:winapinls.obj
 0002:00004220       ??_C@_1M@PBNONODE@?$AAf?$AAa?$AA?9?$AAi?$AAr?$AA?$AA@ 0000000180010220     LIBCMT:winapinls.obj
 0002:00004230       ??_C@_1M@JEEHPMIL@?$AAf?$AAi?$AA?9?$AAf?$AAi?$AA?$AA@ 0000000180010230     LIBCMT:winapinls.obj
 0002:00004240       ??_C@_1M@LMDCNDBA@?$AAf?$AAo?$AA?9?$AAf?$AAo?$AA?$AA@ 0000000180010240     LIBCMT:winapinls.obj
[...]
 0003:00000458       __rgctypeflag              0000000180013458     LIBCMT:mbctype.obj
 0003:00000460       __rgcode_page_info         0000000180013460     LIBCMT:mbctype.obj
 0003:00000560       errtable                   0000000180013560     LIBCMT:dosmap.obj
 0003:000006c8       ErrnoNoMem                 00000001800136c8     LIBCMT:dosmap.obj
 0003:000006cc       DoserrorNoMem              00000001800136cc     LIBCMT:dosmap.obj
 0003:00000b10       _ctype_loc_style           0000000180013b10     LIBCMT:wsetloca.obj
 0003:00000b78       ?isPackaged@?1??__crtIsPackagedApp@@9@9 0000000180013b78     LIBCMT:winapisupp.obj
 0003:00000b80       ?_names@?1??_get_fname@@9@9 0000000180013b80     LIBCMT:fpexcept.obj
 0003:00000db0       _locktable                 0000000180013db0     LIBCMT:mlock.obj
 0003:000014a8       DoubleFormat               00000001800144a8     LIBCMT:intrncvt.obj
 0003:000014c0       FloatFormat                00000001800144c0     LIBCMT:intrncvt.obj
 0003:000017b0       _module                    00000001800147b0     hello.obj
 0003:00001800       __proc_attached            0000000180014800     LIBCMT:dllcrt0.obj
 0003:00001820       GS_ExceptionRecord         0000000180014820     LIBCMT:gs_report.obj
 0003:000018c0       GS_ContextRecord           00000001800148c0     LIBCMT:gs_report.obj
 0003:00001d90       DebuggerWasPresent         0000000180014d90     LIBCMT:gs_report.obj
 0003:00001dc0       fSystemSet                 0000000180014dc0     LIBCMT:mbctype.obj
 0003:00002030       ?_pgmname@?1??_setargv@@9@9 0000000180015030     LIBCMT:stdargv.obj
 0003:00002140       lclcritsects               0000000180015140     LIBCMT:mlock.obj
 0003:00002378       __crtCallProc              0000000180015378     LIBCMT:winapinls.obj
 0003:00002390       ?outmsg@?8??_NMSG_WRITE@@9@9 0000000180015390     LIBCMT:crt0msg.obj
 0003:000029d0       ctrlc_action               00000001800159d0     LIBCMT:winsig.obj
 0003:000029d8       ctrlbreak_action           00000001800159d8     LIBCMT:winsig.obj
 0003:000029e0       abort_action               00000001800159e0     LIBCMT:winsig.obj
 0003:000029e8       term_action                00000001800159e8     LIBCMT:winsig.obj
 0003:000029f0       ConsoleCtrlHandler_Installed 00000001800159f0     LIBCMT:winsig.obj
 0003:000029f8       g_pfnRtlGenRandom          00000001800159f8     LIBCMT:rand_s.obj
 0003:00002a20       ?pfnMessageBox@?1??__crtMessageBoxW@@9@9 0000000180015a20     LIBCMT:crtmboxw.obj
 0003:00002a28       ?pfnGetActiveWindow@?1??__crtMessageBoxW@@9@9 0000000180015a28     LIBCMT:crtmboxw.obj
 0003:00002a30       ?pfnGetLastActivePopup@?1??__crtMessageBoxW@@9@9 0000000180015a30     LIBCMT:crtmboxw.obj
 0003:00002a38       ?pfnGetProcessWindowStation@?1??__crtMessageBoxW@@9@9 0000000180015a38     LIBCMT:crtmboxw.obj
 0003:00002a40       ?pfnGetUserObjectInformation@?1??__crtMessageBoxW@@9@9 0000000180015a40     LIBCMT:crtmboxw.obj
 0003:00002a50       nw_dll                     0000000180015a50     win_delay_load_hook.obj
 0003:00002a58       node_dll                   0000000180015a58     win_delay_load_hook.obj
 0003:00002a60       allocator_arg              0000000180015a60     hello.obj
 0003:00002a61       piecewise_construct        0000000180015a61     hello.obj
 0004:00000000       $pdata$?NODE_SET_METHOD@node@@YAXV?$Local@VObject@v8@@@v8@@PEBDP6AXAEBV?$FunctionCallbackInfo@VValue@v8@@@3@@Z@Z 0000000180017000     hello.obj
 0004:0000000c       $pdata$?CreateObject@demo@@YAXAEBV?$FunctionCallbackInfo@VValue@v8@@@v8@@@Z 000000018001700c     hello.obj
 0004:00000018       $pdata$?init@demo@@YAXV?$Local@VObject@v8@@@v8@@0@Z 0000000180017018     hello.obj
 0004:00000030       $pdata$??0_LocaleUpdate@@QEAA@PEAUlocaleinfo_struct@@@Z 0000000180017030     LIBCMT:stricmp.obj
 0004:0000003c       $pdata$_CRT_INIT           000000018001703c     LIBCMT:dllcrt0.obj
 0004:00000048       $pdata$_DllMainCRTStartup  0000000180017048     LIBCMT:dllcrt0.obj
 0004:00000054       $pdata$__DllMainCRTStartup 0000000180017054     LIBCMT:dllcrt0.obj
 0004:00000060       $pdata$__raise_securityfailure 0000000180017060     LIBCMT:gs_report.obj
 0004:0000006c       $pdata$__report_gsfailure  000000018001706c     LIBCMT:gs_report.obj
 0004:00000078       $pdata$_call_reportfault   0000000180017078     LIBCMT:invarg.obj
 0004:00000084       $pdata$_invalid_parameter  0000000180017084     LIBCMT:invarg.obj
 0004:00000090       $pdata$_invalid_parameter_noinfo 0000000180017090     LIBCMT:invarg.obj
 0004:0000009c       $pdata$_invoke_watson      000000018001709c     LIBCMT:invarg.obj
 0004:000000a8       $pdata$__freetlocinfo      00000001800170a8     LIBCMT:localref.obj
 0004:000000b4       $pdata$__updatetlocinfo    00000001800170b4     LIBCMT:localref.obj
 0004:000000c0       $pdata$_updatetlocinfoEx_nolock 00000001800170c0     LIBCMT:localref.obj
 0004:000000cc       $pdata$__initmbctable      00000001800170cc     LIBCMT:mbctype.obj
 0004:000000d8       $pdata$?getSystemCP@@YAHH@Z 00000001800170d8     LIBCMT:mbctype.obj
 0004:000000e4       $pdata$?setSBCS@@YAXPEAUthreadmbcinfostruct@@@Z 00000001800170e4     LIBCMT:mbctype.obj
 0004:000000f0       $pdata$?setSBUpLow@@YAXPEAUthreadmbcinfostruct@@@Z 00000001800170f0     LIBCMT:mbctype.obj
 0004:000000fc       $pdata$__updatetmbcinfo    00000001800170fc     LIBCMT:mbctype.obj
 0004:00000108       $pdata$_setmbcp            0000000180017108     LIBCMT:mbctype.obj
 0004:00000114       $pdata$_setmbcp_nolock     0000000180017114     LIBCMT:mbctype.obj
 0004:00000120       $pdata$_tolower_l          0000000180017120     LIBCMT:tolower.obj
 0004:0000012c       $pdata$_freefls            000000018001712c     LIBCMT:tidtable.obj
 0004:00000138       $pdata$_freeptd            0000000180017138     LIBCMT:tidtable.obj
 0004:00000144       $pdata$_getptd             0000000180017144     LIBCMT:tidtable.obj
 0004:00000150       $pdata$_getptd_noexit      0000000180017150     LIBCMT:tidtable.obj
 0004:0000015c       $pdata$_initptd            000000018001715c     LIBCMT:tidtable.obj
 0004:00000168       $pdata$_mtinit             0000000180017168     LIBCMT:tidtable.obj
 0004:00000174       $pdata$_mtterm             0000000180017174     LIBCMT:tidtable.obj
 0004:00000180       $pdata$__doserrno          0000000180017180     LIBCMT:dosmap.obj
 0004:0000018c       $pdata$_dosmaperr          000000018001718c     LIBCMT:dosmap.obj
 0004:00000198       $pdata$_errno              0000000180017198     LIBCMT:dosmap.obj
 0004:000001a4       $pdata$_locterm            00000001800171a4     LIBCMT:wsetloca.obj
 0004:000001b0       $pdata$_XcptFilter         00000001800171b0     LIBCMT:winxfltr.obj
 0004:000001bc       $pdata$__crtCorExitProcess 00000001800171bc     LIBCMT:crt0dat.obj
 0004:000001c8       $pdata$__crtExitProcess    00000001800171c8     LIBCMT:crt0dat.obj
 0004:000001d4       $pdata$__freeCrtMemory     00000001800171d4     LIBCMT:crt0dat.obj
 0004:000001e0       $pdata$_amsg_exit          00000001800171e0     LIBCMT:crt0dat.obj
 0004:000001ec       $pdata$_cinit              00000001800171ec     LIBCMT:crt0dat.obj
 0004:000001f8       $pdata$_init_pointers      00000001800171f8     LIBCMT:crt0dat.obj
 0004:00000204       $pdata$_initterm           0000000180017204     LIBCMT:crt0dat.obj
 0004:00000210       $pdata$_initterm_e         0000000180017210     LIBCMT:crt0dat.obj
 0004:0000021c       $pdata$doexit              000000018001721c     LIBCMT:crt0dat.obj
 0004:00000228       $pdata$_heap_init          0000000180017228     LIBCMT:heapinit.obj
 0004:00000234       $pdata$_ioinit             0000000180017234     LIBCMT:ioinit.obj
 0004:00000240       $pdata$_ioterm             0000000180017240     LIBCMT:ioinit.obj
 0004:0000024c       $pdata$_setargv            000000018001724c     LIBCMT:stdargv.obj
 0004:00000258       $pdata$parse_cmdline       0000000180017258     LIBCMT:stdargv.obj
 0004:00000264       $pdata$_setenvp            0000000180017264     LIBCMT:stdenvp.obj
 0004:00000270       $pdata$free                0000000180017270     LIBCMT:free.obj
 0004:0000027c       $pdata$__security_init_cookie 000000018001727c     LIBCMT:gs_support.obj
 0004:00000288       $pdata$__crtGetEnvironmentStringsA 0000000180017288     LIBCMT:a_env.obj
 0004:00000294       $pdata$__crtCaptureCurrentContext 0000000180017294     LIBCMT:winapisupp.obj
 0004:000002a0       $pdata$__crtCapturePreviousContext 00000001800172a0     LIBCMT:winapisupp.obj
 0004:000002ac       $pdata$__crtInitializeCriticalSectionEx 00000001800172ac     LIBCMT:winapisupp.obj
 0004:000002b8       $pdata$__crtIsPackagedApp  00000001800172b8     LIBCMT:winapisupp.obj
 0004:000002c4       $pdata$__crtLoadWinApiPointers 00000001800172c4     LIBCMT:winapisupp.obj
 0004:000002d0       $pdata$__crtTerminateProcess 00000001800172d0     LIBCMT:winapisupp.obj
 0004:000002dc       $pdata$__crtUnhandledException 00000001800172dc     LIBCMT:winapisupp.obj
 0004:000002e8       $pdata$_calloc_crt         00000001800172e8     LIBCMT:crtheap.obj
 0004:000002f4       $pdata$_malloc_crt         00000001800172f4     LIBCMT:crtheap.obj
 0004:00000300       $pdata$_realloc_crt        0000000180017300     LIBCMT:crtheap.obj
 0004:0000030c       $pdata$_RTC_Initialize     000000018001730c     LIBCMT:initsect.obj
 0004:00000318       $pdata$_RTC_Terminate      0000000180017318     LIBCMT:initsect.obj
 0004:00000324       $pdata$__C_specific_handler 0000000180017324     LIBCMT:chandler.obj
 0004:0000033c       $pdata$__GSHandlerCheck    000000018001733c     LIBCMT:gshandler.obj
 0004:00000348       $pdata$__GSHandlerCheckCommon 0000000180017348     LIBCMT:gshandler.obj
 0004:00000354       $pdata$_cfltcvt            0000000180017354     LIBCMT:cvt.obj
 0004:00000360       $pdata$_cfltcvt_l          0000000180017360     LIBCMT:cvt.obj
 0004:0000036c       $pdata$_cftoa_l            000000018001736c     LIBCMT:cvt.obj
 0004:00000378       $pdata$_cftoe2_l           0000000180017378     LIBCMT:cvt.obj
 0004:00000384       $pdata$_cftoe_l            0000000180017384     LIBCMT:cvt.obj
 0004:00000390       $pdata$_cftof2_l           0000000180017390     LIBCMT:cvt.obj
 0004:0000039c       $pdata$_cftof_l            000000018001739c     LIBCMT:cvt.obj
 0004:000003a8       $pdata$_cftog_l            00000001800173a8     LIBCMT:cvt.obj
 0004:000003b4       $pdata$_cropzeros_l        00000001800173b4     LIBCMT:cvt.obj
 0004:000003c0       $pdata$_fassign_l          00000001800173c0     LIBCMT:cvt.obj
 0004:000003cc       $pdata$_forcdecpt_l        00000001800173cc     LIBCMT:cvt.obj
 0004:000003d8       $pdata$_initp_misc_cfltcvt_tab 00000001800173d8     LIBCMT:cmiscdat.obj
 0004:000003f0       $pdata$_lock               00000001800173f0     LIBCMT:mlock.obj
 0004:000003fc       $pdata$_mtdeletelocks      00000001800173fc     LIBCMT:mlock.obj
 0004:00000408       $pdata$_mtinitlocknum      0000000180017408     LIBCMT:mlock.obj
 0004:00000414       $pdata$_mtinitlocks        0000000180017414     LIBCMT:mlock.obj
 0004:00000420       $pdata$__free_lconv_mon    0000000180017420     LIBCMT:initmon.obj
 0004:0000042c       $pdata$__free_lconv_num    000000018001742c     LIBCMT:initnum.obj
 0004:00000438       $pdata$__free_lc_time      0000000180017438     LIBCMT:inittime.obj
 0004:00000444       $pdata$?__crtLCMapStringA_stat@@YAHPEAUlocaleinfo_struct@@PEB_WKPEBDHPEADHHH@Z 0000000180017444     LIBCMT:a_map.obj
 0004:00000450       $pdata$__crtLCMapStringA   0000000180017450     LIBCMT:a_map.obj
 0004:0000045c       $pdata$?__crtGetStringTypeA_stat@@YAHPEAUlocaleinfo_struct@@KPEBDHPEAGHH@Z 000000018001745c     LIBCMT:a_str.obj
 0004:00000468       $pdata$__crtGetStringTypeA 0000000180017468     LIBCMT:a_str.obj
 0004:00000474       $pdata$_isctype_l          0000000180017474     LIBCMT:isctype.obj
 0004:00000480       $pdata$_isleadbyte_l       0000000180017480     LIBCMT:_wctype.obj
 0004:0000048c       $pdata$isleadbyte          000000018001748c     LIBCMT:_wctype.obj
 0004:000004b0       $pdata$wcscat_s            00000001800174b0     LIBCMT:wcscat_s.obj
 0004:000004bc       $pdata$wcscpy_s            00000001800174bc     LIBCMT:wcscpy_s.obj
 0004:000004c8       $pdata$wcsncpy_s           00000001800174c8     LIBCMT:wcsncpy_s.obj
 0004:000004d4       $pdata$GetTableIndexFromLocaleName 00000001800174d4     LIBCMT:winapinls.obj
 0004:000004e0       $pdata$__crtDownlevelLocaleNameToLCID 00000001800174e0     LIBCMT:winapinls.obj
 0004:000004ec       $pdata$__crtLCMapStringEx  00000001800174ec     LIBCMT:winapinls.obj
 0004:000004f8       $pdata$_FF_MSGBANNER       00000001800174f8     LIBCMT:crt0msg.obj
 0004:00000504       $pdata$_NMSG_WRITE         0000000180017504     LIBCMT:crt0msg.obj
 0004:00000510       $pdata$_IsNonwritableInCurrentImage 0000000180017510     LIBCMT:pesect.obj
 0004:0000051c       $pdata$__onexitinit        000000018001751c     LIBCMT:onexit.obj
 0004:00000528       $pdata$_onexit             0000000180017528     LIBCMT:onexit.obj
 0004:00000534       $pdata$atexit              0000000180017534     LIBCMT:onexit.obj
 0004:00000540       $pdata$?terminate@@YAXXZ   0000000180017540     LIBCMT:hooks.obj
 0004:0000054c       $pdata$_initp_eh_hooks     000000018001754c     LIBCMT:hooks.obj
 0004:00000558       $pdata$_callnewh           0000000180017558     LIBCMT:handler.obj
 0004:00000564       $pdata$raise               0000000180017564     LIBCMT:winsig.obj
 0004:000005a0       $pdata$__initstdio         00000001800175a0     LIBCMT:_file.obj
 0004:000005ac       $pdata$__endstdio          00000001800175ac     LIBCMT:_file.obj
 0004:000005b8       $pdata$_lock_file          00000001800175b8     LIBCMT:_file.obj
 0004:000005c4       $pdata$_lock_file2         00000001800175c4     LIBCMT:_file.obj
 0004:000005d0       $pdata$?x_ismbbtype_l@@YAHPEAUlocaleinfo_struct@@IHH@Z 00000001800175d0     LIBCMT:ismbbyte.obj
 0004:000005dc       $pdata$strcpy_s            00000001800175dc     LIBCMT:strcpy_s.obj
 0004:000005f4       $pdata$malloc              00000001800175f4     LIBCMT:malloc.obj
 0004:00000600       $pdata$realloc             0000000180017600     LIBCMT:realloc.obj
 0004:0000060c       $pdata$_calloc_impl        000000018001760c     LIBCMT:calloc_impl.obj
 0004:00000618       $pdata$isdigit             0000000180017618     LIBCMT:_ctype.obj
 0004:00000624       $pdata$strrchr             0000000180017624     LIBCMT:strrchr.obj
 0004:00000630       $pdata$_fptostr            0000000180017630     LIBCMT:_fptostr.obj
 0004:0000063c       $pdata$__crt_atoflt_l      000000018001763c     LIBCMT:atodbl.obj
 0004:00000648       $pdata$_atodbl_l           0000000180017648     LIBCMT:atodbl.obj
 0004:00000654       $pdata$__dtold             0000000180017654     LIBCMT:cfout.obj
 0004:00000660       $pdata$_fltout2            0000000180017660     LIBCMT:cfout.obj
 0004:0000066c       $pdata$__isa_available_init 000000018001766c     LIBCMT:cpu_disp.obj
 0004:00000684       $pdata$_set_error_mode     0000000180017684     LIBCMT:errmode.obj
 0004:00000690       $pdata$__crtMessageBoxW    0000000180017690     LIBCMT:crtmboxw.obj
 0004:0000069c       $pdata$_msize              000000018001769c     LIBCMT:msize.obj
 0004:000006a8       $pdata$abort               00000001800176a8     LIBCMT:abort.obj
 0004:000006b4       $pdata$_fileno             00000001800176b4     LIBCMT:fileno.obj
 0004:000006c0       $pdata$_isatty             00000001800176c0     LIBCMT:isatty.obj
 0004:000006cc       $pdata$_fflush_nolock      00000001800176cc     LIBCMT:fflush.obj
 0004:000006d8       $pdata$_flush              00000001800176d8     LIBCMT:fflush.obj
 0004:000006e4       $pdata$flsall              00000001800176e4     LIBCMT:fflush.obj
 0004:000006f0       $pdata$_fcloseall          00000001800176f0     LIBCMT:closeall.obj
 0004:000006fc       $pdata$_ld12tod            00000001800176fc     LIBCMT:intrncvt.obj
 0004:00000708       $pdata$_ld12tof            0000000180017708     LIBCMT:intrncvt.obj
 0004:00000714       $pdata$__strgtold12_l      0000000180017714     LIBCMT:strgtold.obj
 0004:00000720       $pdata$$I10_OUTPUT         0000000180017720     LIBCMT:x10fout.obj
 0004:0000072c       $pdata$_commit             000000018001772c     LIBCMT:commit.obj
 0004:00000738       $pdata$_write              0000000180017738     LIBCMT:write.obj
 0004:00000744       $pdata$_write_nolock       0000000180017744     LIBCMT:write.obj
 0004:00000750       $pdata$_fclose_nolock      0000000180017750     LIBCMT:fclose.obj
 0004:0000075c       $pdata$fclose              000000018001775c     LIBCMT:fclose.obj
 0004:00000768       $pdata$__mtold12           0000000180017768     LIBCMT:mantold.obj
 0004:00000774       $pdata$__lock_fhandle      0000000180017774     LIBCMT:osfinfo.obj
 0004:00000780       $pdata$_free_osfhnd        0000000180017780     LIBCMT:osfinfo.obj
 0004:0000078c       $pdata$_get_osfhandle      000000018001778c     LIBCMT:osfinfo.obj
 0004:00000798       $pdata$_lseeki64_nolock    0000000180017798     LIBCMT:lseeki64.obj
 0004:000007a4       $pdata$_mbtowc_l           00000001800177a4     LIBCMT:mbtowc.obj
 0004:000007b0       $pdata$_putwch_nolock      00000001800177b0     LIBCMT:putwch.obj
 0004:000007bc       $pdata$_close              00000001800177bc     LIBCMT:close.obj
 0004:000007c8       $pdata$_close_nolock       00000001800177c8     LIBCMT:close.obj
 0004:000007d4       $pdata$_freebuf            00000001800177d4     LIBCMT:_freebuf.obj
 0004:000007e0       $pdata$__termconout        00000001800177e0     LIBCMT:initcon.obj
 0004:000007ec       $pdata$__initconout        00000001800177ec     LIBCMT:initcon.obj
 0004:000007f8       $pdata$_CRT_INIT$fin$0     00000001800177f8     LIBCMT:dllcrt0.obj
 0004:00000804       $pdata$__DllMainCRTStartup$filt$0 0000000180017804     LIBCMT:dllcrt0.obj
 0004:00000810       $pdata$_setmbcp$fin$0      0000000180017810     LIBCMT:mbctype.obj
 0004:00000810       $pdata$__updatetmbcinfo$fin$0 0000000180017810     LIBCMT:mbctype.obj
 0004:0000081c       $pdata$_initptd$fin$1      000000018001781c     LIBCMT:tidtable.obj
 0004:0000081c       $pdata$_freefls$fin$1      000000018001781c     LIBCMT:tidtable.obj
 0004:00000828       $pdata$_freefls$fin$0      0000000180017828     LIBCMT:tidtable.obj
 0004:00000828       $pdata$_initptd$fin$0      0000000180017828     LIBCMT:tidtable.obj
 0004:00000834       $pdata$_locterm$fin$0      0000000180017834     LIBCMT:wsetloca.obj
 0004:00000834       $pdata$__updatetlocinfo$fin$0 0000000180017834     LIBCMT:wsetloca.obj
 0004:00000840       $pdata$doexit$fin$0        0000000180017840     LIBCMT:crt0dat.obj
 0004:0000084c       $pdata$_ioinit$fin$0       000000018001784c     LIBCMT:ioinit.obj
 0004:00000858       $pdata$_mtinitlocknum$fin$0 0000000180017858     LIBCMT:mlock.obj
 0004:00000864       $pdata$_IsNonwritableInCurrentImage$filt$0 0000000180017864     LIBCMT:pesect.obj
 0004:00000870       $pdata$_onexit$fin$0       0000000180017870     LIBCMT:onexit.obj
 0004:0000087c       $pdata$raise$fin$0         000000018001787c     LIBCMT:winsig.obj
 0004:00000888       $pdata$flsall$fin$0        0000000180017888     LIBCMT:fflush.obj
 0004:00000894       $pdata$flsall$fin$1        0000000180017894     LIBCMT:fflush.obj
 0004:000008a0       $pdata$_fcloseall$fin$0    00000001800178a0     LIBCMT:closeall.obj
 0004:000008ac       $pdata$_write$fin$0        00000001800178ac     LIBCMT:write.obj
 0004:000008b8       $pdata$fclose$fin$0        00000001800178b8     LIBCMT:fclose.obj
 0004:000008c4       $pdata$__lock_fhandle$fin$0 00000001800178c4     LIBCMT:osfinfo.obj
 0004:000008d0       $pdata$_close$fin$0        00000001800178d0     LIBCMT:close.obj
 0004:000008d0       $pdata$_commit$fin$0       00000001800178d0     LIBCMT:close.obj
 0005:00000060       $R000000                   0000000180018060     * linker generated manifest res *

 Exports

  ordinal    name

        1    _register_addon_
